Archive member included to satisfy reference by file (symbol)

/home/jagon/st/stm32cubeide_1.17.0/plugins/com.st.stm32cube.ide.mcu.externaltools.gnu-tools-for-stm32.12.3.rel1.linux64_1.1.0.202410170702/tools/bin/../lib/gcc/arm-none-eabi/12.3.1/../../../../arm-none-eabi/lib/thumb/v7e-m+dp/hard/libc_nano.a(libc_a-exit.o)
                              /home/jagon/st/stm32cubeide_1.17.0/plugins/com.st.stm32cube.ide.mcu.externaltools.gnu-tools-for-stm32.12.3.rel1.linux64_1.1.0.202410170702/tools/bin/../lib/gcc/arm-none-eabi/12.3.1/../../../../arm-none-eabi/lib/thumb/v7e-m+dp/hard/crt0.o (exit)
/home/jagon/st/stm32cubeide_1.17.0/plugins/com.st.stm32cube.ide.mcu.externaltools.gnu-tools-for-stm32.12.3.rel1.linux64_1.1.0.202410170702/tools/bin/../lib/gcc/arm-none-eabi/12.3.1/../../../../arm-none-eabi/lib/thumb/v7e-m+dp/hard/libc_nano.a(libc_a-findfp.o)
                              /home/jagon/st/stm32cubeide_1.17.0/plugins/com.st.stm32cube.ide.mcu.externaltools.gnu-tools-for-stm32.12.3.rel1.linux64_1.1.0.202410170702/tools/bin/../lib/gcc/arm-none-eabi/12.3.1/../../../../arm-none-eabi/lib/thumb/v7e-m+dp/hard/libc_nano.a(libc_a-exit.o) (__stdio_exit_handler)
/home/jagon/st/stm32cubeide_1.17.0/plugins/com.st.stm32cube.ide.mcu.externaltools.gnu-tools-for-stm32.12.3.rel1.linux64_1.1.0.202410170702/tools/bin/../lib/gcc/arm-none-eabi/12.3.1/../../../../arm-none-eabi/lib/thumb/v7e-m+dp/hard/libc_nano.a(libc_a-fwalk.o)
                              /home/jagon/st/stm32cubeide_1.17.0/plugins/com.st.stm32cube.ide.mcu.externaltools.gnu-tools-for-stm32.12.3.rel1.linux64_1.1.0.202410170702/tools/bin/../lib/gcc/arm-none-eabi/12.3.1/../../../../arm-none-eabi/lib/thumb/v7e-m+dp/hard/libc_nano.a(libc_a-findfp.o) (_fwalk_sglue)
/home/jagon/st/stm32cubeide_1.17.0/plugins/com.st.stm32cube.ide.mcu.externaltools.gnu-tools-for-stm32.12.3.rel1.linux64_1.1.0.202410170702/tools/bin/../lib/gcc/arm-none-eabi/12.3.1/../../../../arm-none-eabi/lib/thumb/v7e-m+dp/hard/libc_nano.a(libc_a-sprintf.o)
                              ./Core/Src/lcd.o (sprintf)
/home/jagon/st/stm32cubeide_1.17.0/plugins/com.st.stm32cube.ide.mcu.externaltools.gnu-tools-for-stm32.12.3.rel1.linux64_1.1.0.202410170702/tools/bin/../lib/gcc/arm-none-eabi/12.3.1/../../../../arm-none-eabi/lib/thumb/v7e-m+dp/hard/libc_nano.a(libc_a-stdio.o)
                              /home/jagon/st/stm32cubeide_1.17.0/plugins/com.st.stm32cube.ide.mcu.externaltools.gnu-tools-for-stm32.12.3.rel1.linux64_1.1.0.202410170702/tools/bin/../lib/gcc/arm-none-eabi/12.3.1/../../../../arm-none-eabi/lib/thumb/v7e-m+dp/hard/libc_nano.a(libc_a-findfp.o) (__sread)
/home/jagon/st/stm32cubeide_1.17.0/plugins/com.st.stm32cube.ide.mcu.externaltools.gnu-tools-for-stm32.12.3.rel1.linux64_1.1.0.202410170702/tools/bin/../lib/gcc/arm-none-eabi/12.3.1/../../../../arm-none-eabi/lib/thumb/v7e-m+dp/hard/libc_nano.a(libc_a-memset.o)
                              /home/jagon/st/stm32cubeide_1.17.0/plugins/com.st.stm32cube.ide.mcu.externaltools.gnu-tools-for-stm32.12.3.rel1.linux64_1.1.0.202410170702/tools/bin/../lib/gcc/arm-none-eabi/12.3.1/../../../../arm-none-eabi/lib/thumb/v7e-m+dp/hard/crt0.o (memset)
/home/jagon/st/stm32cubeide_1.17.0/plugins/com.st.stm32cube.ide.mcu.externaltools.gnu-tools-for-stm32.12.3.rel1.linux64_1.1.0.202410170702/tools/bin/../lib/gcc/arm-none-eabi/12.3.1/../../../../arm-none-eabi/lib/thumb/v7e-m+dp/hard/libc_nano.a(libc_a-closer.o)
                              /home/jagon/st/stm32cubeide_1.17.0/plugins/com.st.stm32cube.ide.mcu.externaltools.gnu-tools-for-stm32.12.3.rel1.linux64_1.1.0.202410170702/tools/bin/../lib/gcc/arm-none-eabi/12.3.1/../../../../arm-none-eabi/lib/thumb/v7e-m+dp/hard/libc_nano.a(libc_a-stdio.o) (_close_r)
/home/jagon/st/stm32cubeide_1.17.0/plugins/com.st.stm32cube.ide.mcu.externaltools.gnu-tools-for-stm32.12.3.rel1.linux64_1.1.0.202410170702/tools/bin/../lib/gcc/arm-none-eabi/12.3.1/../../../../arm-none-eabi/lib/thumb/v7e-m+dp/hard/libc_nano.a(libc_a-reent.o)
                              /home/jagon/st/stm32cubeide_1.17.0/plugins/com.st.stm32cube.ide.mcu.externaltools.gnu-tools-for-stm32.12.3.rel1.linux64_1.1.0.202410170702/tools/bin/../lib/gcc/arm-none-eabi/12.3.1/../../../../arm-none-eabi/lib/thumb/v7e-m+dp/hard/libc_nano.a(libc_a-closer.o) (errno)
/home/jagon/st/stm32cubeide_1.17.0/plugins/com.st.stm32cube.ide.mcu.externaltools.gnu-tools-for-stm32.12.3.rel1.linux64_1.1.0.202410170702/tools/bin/../lib/gcc/arm-none-eabi/12.3.1/../../../../arm-none-eabi/lib/thumb/v7e-m+dp/hard/libc_nano.a(libc_a-impure.o)
                              /home/jagon/st/stm32cubeide_1.17.0/plugins/com.st.stm32cube.ide.mcu.externaltools.gnu-tools-for-stm32.12.3.rel1.linux64_1.1.0.202410170702/tools/bin/../lib/gcc/arm-none-eabi/12.3.1/../../../../arm-none-eabi/lib/thumb/v7e-m+dp/hard/libc_nano.a(libc_a-sprintf.o) (_impure_ptr)
[...]
Memory Configuration

Name             Origin             Length             Attributes
FLASH            0x08000000         0x00200000         xr
DTCMRAM          0x20000000         0x00020000         xrw
RAM_D1           0x24000000         0x00080000         xrw
RAM_D2           0x30000000         0x00048000         xrw
RAM_D3           0x38000000         0x00010000         xrw
ITCMRAM          0x00000000         0x00010000         xrw
*default*        0x00000000         0xffffffff

Linker script and memory map

LOAD /home/jagon/st/stm32cubeide_1.17.0/plugins/com.st.stm32cube.ide.mcu.externaltools.gnu-tools-for-stm32.12.3.rel1.linux64_1.1.0.202410170702/tools/bin/../lib/gcc/arm-none-eabi/12.3.1/thumb/v7e-m+dp/hard/crti.o
LOAD /home/jagon/st/stm32cubeide_1.17.0/plugins/com.st.stm32cube.ide.mcu.externaltools.gnu-tools-for-stm32.12.3.rel1.linux64_1.1.0.202410170702/tools/bin/../lib/gcc/arm-none-eabi/12.3.1/thumb/v7e-m+dp/hard/crtbegin.o
LOAD /home/jagon/st/stm32cubeide_1.17.0/plugins/com.st.stm32cube.ide.mcu.externaltools.gnu-tools-for-stm32.12.3.rel1.linux64_1.1.0.202410170702/tools/bin/../lib/gcc/arm-none-eabi/12.3.1/../../../../arm-none-eabi/lib/thumb/v7e-m+dp/hard/crt0.o
LOAD ./Core/Src/gpio.o
LOAD ./Core/Src/lcd.o
LOAD ./Core/Src/logo_128_160.o
LOAD ./Core/Src/logo_160_80.o
LOAD ./Core/Src/main.o
LOAD ./Core/Src/memorymap.o
LOAD ./Core/Src/rtc.o
LOAD ./Core/Src/spi.o
LOAD ./Core/Src/st7735.o
LOAD ./Core/Src/st7735_reg.o
LOAD ./Core/Src/stm32h7xx_hal_msp.o
LOAD ./Core/Src/stm32h7xx_it.o
LOAD ./Core/Src/syscalls.o
LOAD ./Core/Src/sysmem.o
LOAD ./Core/Src/system_stm32h7xx.o
LOAD ./Core/Src/tim.o
LOAD ./Core/Startup/startup_stm32h743vitx.o
LOAD ./Drivers/STM32H7xx_HAL_Driver/Src/stm32h7xx_hal.o
LOAD ./Drivers/STM32H7xx_HAL_Driver/Src/stm32h7xx_hal_cortex.o
LOAD ./Drivers/STM32H7xx_HAL_Driver/Src/stm32h7xx_hal_dma.o
LOAD ./Drivers/STM32H7xx_HAL_Driver/Src/stm32h7xx_hal_dma_ex.o
LOAD ./Drivers/STM32H7xx_HAL_Driver/Src/stm32h7xx_hal_exti.o
LOAD ./Drivers/STM32H7xx_HAL_Driver/Src/stm32h7xx_hal_flash.o
LOAD ./Drivers/STM32H7xx_HAL_Driver/Src/stm32h7xx_hal_flash_ex.o
LOAD ./Drivers/STM32H7xx_HAL_Driver/Src/stm32h7xx_hal_gpio.o
LOAD ./Drivers/STM32H7xx_HAL_Driver/Src/stm32h7xx_hal_hsem.o
LOAD ./Drivers/STM32H7xx_HAL_Driver/Src/stm32h7xx_hal_i2c.o
LOAD ./Drivers/STM32H7xx_HAL_Driver/Src/stm32h7xx_hal_i2c_ex.o
LOAD ./Drivers/STM32H7xx_HAL_Driver/Src/stm32h7xx_hal_mdma.o
LOAD ./Drivers/STM32H7xx_HAL_Driver/Src/stm32h7xx_hal_pwr.o
LOAD ./Drivers/STM32H7xx_HAL_Driver/Src/stm32h7xx_hal_pwr_ex.o
LOAD ./Drivers/STM32H7xx_HAL_Driver/Src/stm32h7xx_hal_rcc.o
LOAD ./Drivers/STM32H7xx_HAL_Driver/Src/stm32h7xx_hal_rcc_ex.o
LOAD ./Drivers/STM32H7xx_HAL_Driver/Src/stm32h7xx_hal_rtc.o
LOAD ./Drivers/STM32H7xx_HAL_Driver/Src/stm32h7xx_hal_rtc_ex.o
LOAD ./Drivers/STM32H7xx_HAL_Driver/Src/stm32h7xx_hal_spi.o
LOAD ./Drivers/STM32H7xx_HAL_Driver/Src/stm32h7xx_hal_spi_ex.o
LOAD ./Drivers/STM32H7xx_HAL_Driver/Src/stm32h7xx_hal_tim.o
LOAD ./Drivers/STM32H7xx_HAL_Driver/Src/stm32h7xx_hal_tim_ex.o
START GROUP
LOAD /home/jagon/st/stm32cubeide_1.17.0/plugins/com.st.stm32cube.ide.mcu.externaltools.gnu-tools-for-stm32.12.3.rel1.linux64_1.1.0.202410170702/tools/bin/../lib/gcc/arm-none-eabi/12.3.1/../../../../arm-none-eabi/lib/thumb/v7e-m+dp/hard/libc_nano.a
LOAD /home/jagon/st/stm32cubeide_1.17.0/plugins/com.st.stm32cube.ide.mcu.externaltools.gnu-tools-for-stm32.12.3.rel1.linux64_1.1.0.202410170702/tools/bin/../lib/gcc/arm-none-eabi/12.3.1/../../../../arm-none-eabi/lib/thumb/v7e-m+dp/hard/libm.a
END GROUP
START GROUP
LOAD /home/jagon/st/stm32cubeide_1.17.0/plugins/com.st.stm32cube.ide.mcu.externaltools.gnu-tools-for-stm32.12.3.rel1.linux64_1.1.0.202410170702/tools/bin/../lib/gcc/arm-none-eabi/12.3.1/thumb/v7e-m+dp/hard/libgcc.a
LOAD /home/jagon/st/stm32cubeide_1.17.0/plugins/com.st.stm32cube.ide.mcu.externaltools.gnu-tools-for-stm32.12.3.rel1.linux64_1.1.0.202410170702/tools/bin/../lib/gcc/arm-none-eabi/12.3.1/../../../../arm-none-eabi/lib/thumb/v7e-m+dp/hard/libc_nano.a
END GROUP
START GROUP
LOAD /home/jagon/st/stm32cubeide_1.17.0/plugins/com.st.stm32cube.ide.mcu.externaltools.gnu-tools-for-stm32.12.3.rel1.linux64_1.1.0.202410170702/tools/bin/../lib/gcc/arm-none-eabi/12.3.1/thumb/v7e-m+dp/hard/libgcc.a
LOAD /home/jagon/st/stm32cubeide_1.17.0/plugins/com.st.stm32cube.ide.mcu.externaltools.gnu-tools-for-stm32.12.3.rel1.linux64_1.1.0.202410170702/tools/bin/../lib/gcc/arm-none-eabi/12.3.1/../../../../arm-none-eabi/lib/thumb/v7e-m+dp/hard/libc_nano.a
LOAD /home/jagon/st/stm32cubeide_1.17.0/plugins/com.st.stm32cube.ide.mcu.externaltools.gnu-tools-for-stm32.12.3.rel1.linux64_1.1.0.202410170702/tools/bin/../lib/gcc/arm-none-eabi/12.3.1/../../../../arm-none-eabi/lib/thumb/v7e-m+dp/hard/libnosys.a
END GROUP
START GROUP
LOAD /home/jagon/st/stm32cubeide_1.17.0/plugins/com.st.stm32cube.ide.mcu.externaltools.gnu-tools-for-stm32.12.3.rel1.linux64_1.1.0.202410170702/tools/bin/../lib/gcc/arm-none-eabi/12.3.1/thumb/v7e-m+dp/hard/libgcc.a
LOAD /home/jagon/st/stm32cubeide_1.17.0/plugins/com.st.stm32cube.ide.mcu.externaltools.gnu-tools-for-stm32.12.3.rel1.linux64_1.1.0.202410170702/tools/bin/../lib/gcc/arm-none-eabi/12.3.1/../../../../arm-none-eabi/lib/thumb/v7e-m+dp/hard/libc_nano.a
LOAD /home/jagon/st/stm32cubeide_1.17.0/plugins/com.st.stm32cube.ide.mcu.externaltools.gnu-tools-for-stm32.12.3.rel1.linux64_1.1.0.202410170702/tools/bin/../lib/gcc/arm-none-eabi/12.3.1/../../../../arm-none-eabi/lib/thumb/v7e-m+dp/hard/libnosys.a
END GROUP
LOAD /home/jagon/st/stm32cubeide_1.17.0/plugins/com.st.stm32cube.ide.mcu.externaltools.gnu-tools-for-stm32.12.3.rel1.linux64_1.1.0.202410170702/tools/bin/../lib/gcc/arm-none-eabi/12.3.1/thumb/v7e-m+dp/hard/crtend.o
LOAD /home/jagon/st/stm32cubeide_1.17.0/plugins/com.st.stm32cube.ide.mcu.externaltools.gnu-tools-for-stm32.12.3.rel1.linux64_1.1.0.202410170702/tools/bin/../lib/gcc/arm-none-eabi/12.3.1/thumb/v7e-m+dp/hard/crtn.o
                0x24080000                        _estack = (ORIGIN (RAM_D1) + LENGTH (RAM_D1))
                0x00000200                        _Min_Heap_Size = 0x200
                0x00000400                        _Min_Stack_Size = 0x400

.isr_vector     0x08000000      0x298
                0x08000000                        . = ALIGN (0x4)
 *(.isr_vector)
 .isr_vector    0x08000000      0x298 ./Core/Startup/startup_stm32h743vitx.o
                0x08000000                g_pfnVectors
                0x08000298                        . = ALIGN (0x4)

.text           0x080002a0     0x8a7c
                0x080002a0                        . = ALIGN (0x4)
 *(.text)
 .text          0x080002a0       0x40 /home/jagon/st/stm32cubeide_1.17.0/plugins/com.st.stm32cube.ide.mcu.externaltools.gnu-tools-for-stm32.12.3.rel1.linux64_1.1.0.202410170702/tools/bin/../lib/gcc/arm-none-eabi/12.3.1/thumb/v7e-m+dp/hard/crtbegin.o
 .text          0x080002e0       0xa0 /home/jagon/st/stm32cubeide_1.17.0/plugins/com.st.stm32cube.ide.mcu.externaltools.gnu-tools-for-stm32.12.3.rel1.linux64_1.1.0.202410170702/tools/bin/../lib/gcc/arm-none-eabi/12.3.1/../../../../arm-none-eabi/lib/thumb/v7e-m+dp/hard/libc_nano.a(libc_a-memchr.o)
                0x080002e0                memchr
 *(.text*)
 .text.MX_GPIO_Init
                0x08000380      0x10c ./Core/Src/gpio.o
                0x08000380                MX_GPIO_Init
 .text.LCD_Test
                0x0800048c      0x230 ./Core/Src/lcd.o
                0x0800048c                LCD_Test
 .text.LCD_SetBrightness
                0x080006bc       0x20 ./Core/Src/lcd.o
                0x080006bc                LCD_SetBrightness
 .text.LCD_GetBrightness
                0x080006dc       0x18 ./Core/Src/lcd.o
                0x080006dc                LCD_GetBrightness
 .text.LCD_Light
                0x080006f4       0xea ./Core/Src/lcd.o
                0x080006f4                LCD_Light
 *fill*         0x080007de        0x2 
 .text.LCD_ShowChar
                0x080007e0      0x424 ./Core/Src/lcd.o
                0x080007e0                LCD_ShowChar
 .text.LCD_ShowString
                0x08000c04       0x9a ./Core/Src/lcd.o
                0x08000c04                LCD_ShowString
 *fill*         0x08000c9e        0x2 
 .text.lcd_init
                0x08000ca0       0x20 ./Core/Src/lcd.o
 .text.lcd_gettick
                0x08000cc0        0xe ./Core/Src/lcd.o
 *fill*         0x08000cce        0x2 
 .text.lcd_writereg
                0x08000cd0       0x94 ./Core/Src/lcd.o
 .text.lcd_readreg
                0x08000d64       0x88 ./Core/Src/lcd.o
 .text.lcd_senddata
                0x08000dec       0x58 ./Core/Src/lcd.o
 .text.lcd_recvdata
                0x08000e44       0x5c ./Core/Src/lcd.o
 .text.MPU_Config
                0x08000ea0       0x90 ./Core/Src/main.o
 .text.CPU_CACHE_Enable
                0x08000f30       0xdc ./Core/Src/main.o
 .text.LED_Blink
                0x0800100c       0x40 ./Core/Src/main.o
 .text.main     0x0800104c       0x58 ./Core/Src/main.o
                0x0800104c                main
 .text.SystemClock_Config
                0x080010a4      0x110 ./Core/Src/main.o
                0x080010a4                SystemClock_Config
 .text.DrawFox  0x080011b4      0x138 ./Core/Src/main.o
                0x080011b4                DrawFox
 .text.DrawTree
                0x080012ec       0xe0 ./Core/Src/main.o
                0x080012ec                DrawTree
 .text.ForceUpdateBackground
                0x080013cc       0x28 ./Core/Src/main.o
                0x080013cc                ForceUpdateBackground
 .text.UpdateScene
                0x080013f4       0xfc ./Core/Src/main.o
                0x080013f4                UpdateScene
 .text.InitScene
                0x080014f0       0x84 ./Core/Src/main.o
                0x080014f0                InitScene
 .text.UpdatePhysics
                0x08001574       0x84 ./Core/Src/main.o
                0x08001574                UpdatePhysics
 .text.DrawBush
                0x080015f8       0x9c ./Core/Src/main.o
                0x080015f8                DrawBush
 .text.InitObstacles
                0x08001694       0x54 ./Core/Src/main.o
                0x08001694                InitObstacles
 .text.UpdateObstacles
                0x080016e8       0xe8 ./Core/Src/main.o
                0x080016e8                UpdateObstacles
 .text.DrawObstacles
                0x080017d0       0x50 ./Core/Src/main.o
                0x080017d0                DrawObstacles
 .text.Error_Handler
                0x08001820       0x14 ./Core/Src/main.o
                0x08001820                Error_Handler
 .text.MX_RTC_Init
                0x08001834       0xb8 ./Core/Src/rtc.o
                0x08001834                MX_RTC_Init
 .text.HAL_RTC_MspInit
                0x080018ec       0x64 ./Core/Src/rtc.o
                0x080018ec                HAL_RTC_MspInit
 .text.MX_SPI4_Init
                0x08001950       0xb0 ./Core/Src/spi.o
                0x08001950                MX_SPI4_Init
 .text.HAL_SPI_MspInit
                0x08001a00       0xd0 ./Core/Src/spi.o
                0x08001a00                HAL_SPI_MspInit
 .text.ST7735_RegisterBusIO
                0x08001ad0       0xa8 ./Core/Src/st7735.o
                0x08001ad0                ST7735_RegisterBusIO
 .text.ST7735_Init
                0x08001b78      0x77e ./Core/Src/st7735.o
                0x08001b78                ST7735_Init
 .text.ST7735_DeInit
                0x080022f6       0x16 ./Core/Src/st7735.o
                0x080022f6                ST7735_DeInit
 .text.ST7735_ReadID
                0x0800230c       0x8e ./Core/Src/st7735.o
                0x0800230c                ST7735_ReadID
 *fill*         0x0800239a        0x2 
 .text.ST7735_DisplayOn
                0x0800239c       0xc8 ./Core/Src/st7735.o
                0x0800239c                ST7735_DisplayOn
 .text.ST7735_DisplayOff
                0x08002464       0xc8 ./Core/Src/st7735.o
                0x08002464                ST7735_DisplayOff
 .text.ST7735_SetBrightness
                0x0800252c       0x1a ./Core/Src/st7735.o
                0x0800252c                ST7735_SetBrightness
 .text.ST7735_GetBrightness
                0x08002546       0x1a ./Core/Src/st7735.o
                0x08002546                ST7735_GetBrightness
 .text.ST7735_SetOrientation
                0x08002560      0x11c ./Core/Src/st7735.o
                0x08002560                ST7735_SetOrientation
 .text.ST7735_GetOrientation
                0x0800267c       0x24 ./Core/Src/st7735.o
                0x0800267c                ST7735_GetOrientation
 .text.ST7735_SetCursor
                0x080026a0      0x178 ./Core/Src/st7735.o
                0x080026a0                ST7735_SetCursor
 .text.ST7735_DrawBitmap
                0x08002818      0x214 ./Core/Src/st7735.o
                0x08002818                ST7735_DrawBitmap
 .text.ST7735_FillRGBRect
                0x08002a2c       0xd4 ./Core/Src/st7735.o
                0x08002a2c                ST7735_FillRGBRect
 .text.ST7735_DrawHLine
                0x08002b00       0xa0 ./Core/Src/st7735.o
                0x08002b00                ST7735_DrawHLine
 .text.ST7735_DrawVLine
                0x08002ba0       0x68 ./Core/Src/st7735.o
                0x08002ba0                ST7735_DrawVLine
 .text.ST7735_FillRect
                0x08002c08       0x58 ./Core/Src/st7735.o
                0x08002c08                ST7735_FillRect
 .text.ST7735_SetPixel
                0x08002c60       0x88 ./Core/Src/st7735.o
                0x08002c60                ST7735_SetPixel
 .text.ST7735_GetPixel
                0x08002ce8       0x9e ./Core/Src/st7735.o
                0x08002ce8                ST7735_GetPixel
 *fill*         0x08002d86        0x2 
 .text.ST7735_GetXSize
                0x08002d88       0x24 ./Core/Src/st7735.o
                0x08002d88                ST7735_GetXSize
 .text.ST7735_GetYSize
                0x08002dac       0x24 ./Core/Src/st7735.o
                0x08002dac                ST7735_GetYSize
 .text.ST7735_SetDisplayWindow
                0x08002dd0      0x208 ./Core/Src/st7735.o
 .text.ST7735_ReadRegWrap
                0x08002fd8       0x28 ./Core/Src/st7735.o
 .text.ST7735_WriteRegWrap
                0x08003000       0x2a ./Core/Src/st7735.o
 .text.ST7735_SendDataWrap
                0x0800302a       0x24 ./Core/Src/st7735.o
 .text.ST7735_RecvDataWrap
                0x0800304e       0x24 ./Core/Src/st7735.o
 .text.ST7735_IO_Delay
                0x08003072       0x34 ./Core/Src/st7735.o
 .text.st7735_read_reg
                0x080030a6       0x26 ./Core/Src/st7735_reg.o
                0x080030a6                st7735_read_reg
 .text.st7735_write_reg
                0x080030cc       0x2a ./Core/Src/st7735_reg.o
                0x080030cc                st7735_write_reg
 .text.st7735_send_data
                0x080030f6       0x24 ./Core/Src/st7735_reg.o
                0x080030f6                st7735_send_data
 .text.st7735_recv_data
                0x0800311a       0x24 ./Core/Src/st7735_reg.o
                0x0800311a                st7735_recv_data
 *fill*         0x0800313e        0x2 
 .text.HAL_MspInit
                0x08003140       0x34 ./Core/Src/stm32h7xx_hal_msp.o
                0x08003140                HAL_MspInit
 .text.NMI_Handler
                0x08003174        0x8 ./Core/Src/stm32h7xx_it.o
                0x08003174                NMI_Handler
 .text.HardFault_Handler
                0x0800317c        0x8 ./Core/Src/stm32h7xx_it.o
                0x0800317c                HardFault_Handler
 .text.MemManage_Handler
                0x08003184        0x8 ./Core/Src/stm32h7xx_it.o
                0x08003184                MemManage_Handler
 .text.BusFault_Handler
                0x0800318c        0x8 ./Core/Src/stm32h7xx_it.o
                0x0800318c                BusFault_Handler
 .text.UsageFault_Handler
                0x08003194        0x8 ./Core/Src/stm32h7xx_it.o
                0x08003194                UsageFault_Handler
 .text.SVC_Handler
                0x0800319c        0xe ./Core/Src/stm32h7xx_it.o
                0x0800319c                SVC_Handler
 .text.DebugMon_Handler
                0x080031aa        0xe ./Core/Src/stm32h7xx_it.o
                0x080031aa                DebugMon_Handler
 .text.PendSV_Handler
                0x080031b8        0xe ./Core/Src/stm32h7xx_it.o
                0x080031b8                PendSV_Handler
 .text.SysTick_Handler
                0x080031c6        0xc ./Core/Src/stm32h7xx_it.o
                0x080031c6                SysTick_Handler
 *fill*         0x080031d2        0x2 
 .text._sbrk    0x080031d4       0x6c ./Core/Src/sysmem.o
                0x080031d4                _sbrk
 .text.SystemInit
                0x08003240      0x140 ./Core/Src/system_stm32h7xx.o
                0x08003240                SystemInit
 .text.ExitRun0Mode
                0x08003380       0x30 ./Core/Src/system_stm32h7xx.o
                0x08003380                ExitRun0Mode
 .text.MX_TIM1_Init
                0x080033b0      0x120 ./Core/Src/tim.o
                0x080033b0                MX_TIM1_Init
 .text.HAL_TIM_PWM_MspInit
                0x080034d0       0x44 ./Core/Src/tim.o
                0x080034d0                HAL_TIM_PWM_MspInit
 .text.HAL_TIM_MspPostInit
                0x08003514       0x78 ./Core/Src/tim.o
                0x08003514                HAL_TIM_MspPostInit
 .text.Reset_Handler
                0x0800358c       0x54 ./Core/Startup/startup_stm32h743vitx.o
                0x0800358c                Reset_Handler
 .text.Default_Handler
                0x080035e0        0x2 ./Core/Startup/startup_stm32h743vitx.o
                0x080035e0                RTC_Alarm_IRQHandler
                0x080035e0                EXTI2_IRQHandler
                0x080035e0                TIM8_CC_IRQHandler
                0x080035e0                HRTIM1_Master_IRQHandler
                0x080035e0                UART8_IRQHandler
                0x080035e0                SPI4_IRQHandler
                0x080035e0                TIM1_CC_IRQHandler
                0x080035e0                BDMA_Channel6_IRQHandler
                0x080035e0                DMA2_Stream5_IRQHandler
                0x080035e0                HRTIM1_FLT_IRQHandler
                0x080035e0                JPEG_IRQHandler
                0x080035e0                DMA1_Stream5_IRQHandler
                0x080035e0                BDMA_Channel1_IRQHandler
                0x080035e0                HRTIM1_TIMD_IRQHandler
                0x080035e0                TAMP_STAMP_IRQHandler
                0x080035e0                EXTI3_IRQHandler
                0x080035e0                LPTIM4_IRQHandler
                0x080035e0                TIM8_TRG_COM_TIM14_IRQHandler
                0x080035e0                LPTIM2_IRQHandler
                0x080035e0                DFSDM1_FLT1_IRQHandler
                0x080035e0                DMAMUX2_OVR_IRQHandler
                0x080035e0                TIM8_UP_TIM13_IRQHandler
                0x080035e0                I2C3_ER_IRQHandler
                0x080035e0                DFSDM1_FLT2_IRQHandler
                0x080035e0                MDMA_IRQHandler
                0x080035e0                LPTIM3_IRQHandler
                0x080035e0                HSEM1_IRQHandler
                0x080035e0                EXTI0_IRQHandler
                0x080035e0                I2C2_EV_IRQHandler
                0x080035e0                DMA1_Stream2_IRQHandler
                0x080035e0                FPU_IRQHandler
                0x080035e0                OTG_HS_WKUP_IRQHandler
                0x080035e0                FDCAN1_IT1_IRQHandler
                0x080035e0                LTDC_ER_IRQHandler
                0x080035e0                DMA2_Stream2_IRQHandler
                0x080035e0                HRTIM1_TIME_IRQHandler
                0x080035e0                SPI1_IRQHandler
                0x080035e0                TIM6_DAC_IRQHandler
                0x080035e0                DCMI_IRQHandler
                0x080035e0                HRTIM1_TIMC_IRQHandler
                0x080035e0                DMA2_Stream3_IRQHandler
                0x080035e0                SAI2_IRQHandler
                0x080035e0                DFSDM1_FLT3_IRQHandler
                0x080035e0                USART6_IRQHandler
                0x080035e0                TIM17_IRQHandler
                0x080035e0                USART3_IRQHandler
                0x080035e0                BDMA_Channel7_IRQHandler
                0x080035e0                LPTIM5_IRQHandler
                0x080035e0                UART5_IRQHandler
                0x080035e0                ADC3_IRQHandler
                0x080035e0                DMA2_Stream0_IRQHandler
                0x080035e0                TIM4_IRQHandler
                0x080035e0                BDMA_Channel2_IRQHandler
                0x080035e0                QUADSPI_IRQHandler
                0x080035e0                I2C1_EV_IRQHandler
                0x080035e0                DMA1_Stream6_IRQHandler
                0x080035e0                DMAMUX1_OVR_IRQHandler
                0x080035e0                DMA1_Stream1_IRQHandler
                0x080035e0                TIM16_IRQHandler
                0x080035e0                UART4_IRQHandler
                0x080035e0                BDMA_Channel5_IRQHandler
                0x080035e0                TIM3_IRQHandler
                0x080035e0                RCC_IRQHandler
                0x080035e0                TIM8_BRK_TIM12_IRQHandler
                0x080035e0                TIM1_TRG_COM_IRQHandler
                0x080035e0                Default_Handler
                0x080035e0                ECC_IRQHandler
                0x080035e0                CEC_IRQHandler
                0x080035e0                EXTI15_10_IRQHandler
                0x080035e0                BDMA_Channel0_IRQHandler
                0x080035e0                ADC_IRQHandler
                0x080035e0                DMA1_Stream7_IRQHandler
                0x080035e0                HRTIM1_TIMA_IRQHandler
                0x080035e0                SPI5_IRQHandler
                0x080035e0                TIM7_IRQHandler
                0x080035e0                SDMMC1_IRQHandler
                0x080035e0                TIM5_IRQHandler
                0x080035e0                DMA2_Stream7_IRQHandler
                0x080035e0                TIM15_IRQHandler
                0x080035e0                PVD_AVD_IRQHandler
                0x080035e0                I2C3_EV_IRQHandler
                0x080035e0                EXTI9_5_IRQHandler
                0x080035e0                RTC_WKUP_IRQHandler
                0x080035e0                LTDC_IRQHandler
                0x080035e0                SAI3_IRQHandler
                0x080035e0                ETH_WKUP_IRQHandler
                0x080035e0                SPDIF_RX_IRQHandler
                0x080035e0                SPI2_IRQHandler
                0x080035e0                OTG_HS_EP1_IN_IRQHandler
                0x080035e0                DMA1_Stream0_IRQHandler
                0x080035e0                CRS_IRQHandler
                0x080035e0                EXTI4_IRQHandler
                0x080035e0                RNG_IRQHandler
                0x080035e0                HRTIM1_TIMB_IRQHandler
                0x080035e0                FDCAN2_IT1_IRQHandler
                0x080035e0                ETH_IRQHandler
                0x080035e0                TIM1_UP_IRQHandler
                0x080035e0                BDMA_Channel4_IRQHandler
                0x080035e0                OTG_HS_EP1_OUT_IRQHandler
                0x080035e0                WWDG_IRQHandler
                0x080035e0                SPI6_IRQHandler
                0x080035e0                MDIOS_IRQHandler
                0x080035e0                I2C4_EV_IRQHandler
                0x080035e0                FDCAN2_IT0_IRQHandler
                0x080035e0                LPUART1_IRQHandler
                0x080035e0                FDCAN1_IT0_IRQHandler
                0x080035e0                TIM2_IRQHandler
                0x080035e0                OTG_FS_WKUP_IRQHandler
                0x080035e0                OTG_HS_IRQHandler
                0x080035e0                DMA2D_IRQHandler
                0x080035e0                TIM1_BRK_IRQHandler
                0x080035e0                EXTI1_IRQHandler
                0x080035e0                SDMMC2_IRQHandler
                0x080035e0                OTG_FS_EP1_OUT_IRQHandler
                0x080035e0                BDMA_Channel3_IRQHandler
                0x080035e0                UART7_IRQHandler
                0x080035e0                MDIOS_WKUP_IRQHandler
                0x080035e0                USART2_IRQHandler
                0x080035e0                DFSDM1_FLT0_IRQHandler
                0x080035e0                SAI4_IRQHandler
                0x080035e0                I2C2_ER_IRQHandler
                0x080035e0                DMA2_Stream1_IRQHandler
                0x080035e0                FLASH_IRQHandler
                0x080035e0                DMA2_Stream4_IRQHandler
                0x080035e0                USART1_IRQHandler
                0x080035e0                OTG_FS_IRQHandler
                0x080035e0                SPI3_IRQHandler
                0x080035e0                WAKEUP_PIN_IRQHandler
                0x080035e0                DMA1_Stream4_IRQHandler
                0x080035e0                OTG_FS_EP1_IN_IRQHandler
                0x080035e0                I2C1_ER_IRQHandler
                0x080035e0                FMC_IRQHandler
                0x080035e0                FDCAN_CAL_IRQHandler
                0x080035e0                SWPMI1_IRQHandler
                0x080035e0                COMP1_IRQHandler
                0x080035e0                LPTIM1_IRQHandler
                0x080035e0                I2C4_ER_IRQHandler
                0x080035e0                DMA2_Stream6_IRQHandler
                0x080035e0                SAI1_IRQHandler
                0x080035e0                DMA1_Stream3_IRQHandler
 *fill*         0x080035e2        0x2 
 .text.HAL_Init
                0x080035e4       0x78 ./Drivers/STM32H7xx_HAL_Driver/Src/stm32h7xx_hal.o
                0x080035e4                HAL_Init
 .text.HAL_InitTick
                0x0800365c       0x6c ./Drivers/STM32H7xx_HAL_Driver/Src/stm32h7xx_hal.o
                0x0800365c                HAL_InitTick
 .text.HAL_IncTick
                0x080036c8       0x28 ./Drivers/STM32H7xx_HAL_Driver/Src/stm32h7xx_hal.o
                0x080036c8                HAL_IncTick
 .text.HAL_GetTick
                0x080036f0       0x18 ./Drivers/STM32H7xx_HAL_Driver/Src/stm32h7xx_hal.o
                0x080036f0                HAL_GetTick
 .text.HAL_Delay
                0x08003708       0x48 ./Drivers/STM32H7xx_HAL_Driver/Src/stm32h7xx_hal.o
                0x08003708                HAL_Delay
 .text.HAL_GetREVID
                0x08003750       0x18 ./Drivers/STM32H7xx_HAL_Driver/Src/stm32h7xx_hal.o
                0x08003750                HAL_GetREVID
 .text.HAL_GetDEVID
                0x08003768       0x1c ./Drivers/STM32H7xx_HAL_Driver/Src/stm32h7xx_hal.o
                0x08003768                HAL_GetDEVID
 .text.__NVIC_SetPriorityGrouping
                0x08003784       0x48 ./Drivers/STM32H7xx_HAL_Driver/Src/stm32h7xx_hal_cortex.o
 .text.__NVIC_GetPriorityGrouping
                0x080037cc       0x1c ./Drivers/STM32H7xx_HAL_Driver/Src/stm32h7xx_hal_cortex.o
 .text.__NVIC_SetPriority
                0x080037e8       0x54 ./Drivers/STM32H7xx_HAL_Driver/Src/stm32h7xx_hal_cortex.o
 .text.NVIC_EncodePriority
                0x0800383c       0x66 ./Drivers/STM32H7xx_HAL_Driver/Src/stm32h7xx_hal_cortex.o
 *fill*         0x080038a2        0x2 
 .text.SysTick_Config
                0x080038a4       0x44 ./Drivers/STM32H7xx_HAL_Driver/Src/stm32h7xx_hal_cortex.o
 .text.HAL_NVIC_SetPriorityGrouping
                0x080038e8       0x16 ./Drivers/STM32H7xx_HAL_Driver/Src/stm32h7xx_hal_cortex.o
                0x080038e8                HAL_NVIC_SetPriorityGrouping
 .text.HAL_NVIC_SetPriority
                0x080038fe       0x34 ./Drivers/STM32H7xx_HAL_Driver/Src/stm32h7xx_hal_cortex.o
                0x080038fe                HAL_NVIC_SetPriority
 .text.HAL_SYSTICK_Config
                0x08003932       0x18 ./Drivers/STM32H7xx_HAL_Driver/Src/stm32h7xx_hal_cortex.o
                0x08003932                HAL_SYSTICK_Config
 *fill*         0x0800394a        0x2 
 .text.HAL_MPU_Disable
                0x0800394c       0x30 ./Drivers/STM32H7xx_HAL_Driver/Src/stm32h7xx_hal_cortex.o
                0x0800394c                HAL_MPU_Disable
 .text.HAL_MPU_Enable
                0x0800397c       0x40 ./Drivers/STM32H7xx_HAL_Driver/Src/stm32h7xx_hal_cortex.o
                0x0800397c                HAL_MPU_Enable
 .text.HAL_MPU_ConfigRegion
                0x080039bc       0x80 ./Drivers/STM32H7xx_HAL_Driver/Src/stm32h7xx_hal_cortex.o
                0x080039bc                HAL_MPU_ConfigRegion
 .text.HAL_GPIO_Init
                0x08003a3c      0x360 ./Drivers/STM32H7xx_HAL_Driver/Src/stm32h7xx_hal_gpio.o
                0x08003a3c                HAL_GPIO_Init
 .text.HAL_GPIO_ReadPin
                0x08003d9c       0x30 ./Drivers/STM32H7xx_HAL_Driver/Src/stm32h7xx_hal_gpio.o
                0x08003d9c                HAL_GPIO_ReadPin
 .text.HAL_GPIO_WritePin
                0x08003dcc       0x32 ./Drivers/STM32H7xx_HAL_Driver/Src/stm32h7xx_hal_gpio.o
                0x08003dcc                HAL_GPIO_WritePin
 *fill*         0x08003dfe        0x2 
 .text.HAL_PWR_EnableBkUpAccess
                0x08003e00       0x20 ./Drivers/STM32H7xx_HAL_Driver/Src/stm32h7xx_hal_pwr.o
                0x08003e00                HAL_PWR_EnableBkUpAccess
 .text.HAL_PWREx_ConfigSupply
                0x08003e20       0x74 ./Drivers/STM32H7xx_HAL_Driver/Src/stm32h7xx_hal_pwr_ex.o
                0x08003e20                HAL_PWREx_ConfigSupply
 .text.HAL_RCC_OscConfig
                0x08003e94      0x8b4 ./Drivers/STM32H7xx_HAL_Driver/Src/stm32h7xx_hal_rcc.o
                0x08003e94                HAL_RCC_OscConfig
 .text.HAL_RCC_ClockConfig
                0x08004748      0x36c ./Drivers/STM32H7xx_HAL_Driver/Src/stm32h7xx_hal_rcc.o
                0x08004748                HAL_RCC_ClockConfig
 .text.HAL_RCC_GetSysClockFreq
                0x08004ab4      0x2f4 ./Drivers/STM32H7xx_HAL_Driver/Src/stm32h7xx_hal_rcc.o
                0x08004ab4                HAL_RCC_GetSysClockFreq
 .text.HAL_RCCEx_PeriphCLKConfig
                0x08004da8     0x1414 ./Drivers/STM32H7xx_HAL_Driver/Src/stm32h7xx_hal_rcc_ex.o
                0x08004da8                HAL_RCCEx_PeriphCLKConfig
 .text.RCCEx_PLL2_Config
                0x080061bc      0x164 ./Drivers/STM32H7xx_HAL_Driver/Src/stm32h7xx_hal_rcc_ex.o
 .text.RCCEx_PLL3_Config
                0x08006320      0x164 ./Drivers/STM32H7xx_HAL_Driver/Src/stm32h7xx_hal_rcc_ex.o
 .text.HAL_RTC_Init
                0x08006484      0x104 ./Drivers/STM32H7xx_HAL_Driver/Src/stm32h7xx_hal_rtc.o
                0x08006484                HAL_RTC_Init
 .text.HAL_RTC_SetTime
                0x08006588      0x13c ./Drivers/STM32H7xx_HAL_Driver/Src/stm32h7xx_hal_rtc.o
                0x08006588                HAL_RTC_SetTime
 .text.HAL_RTC_SetDate
                0x080066c4      0x110 ./Drivers/STM32H7xx_HAL_Driver/Src/stm32h7xx_hal_rtc.o
                0x080066c4                HAL_RTC_SetDate
 .text.HAL_RTC_WaitForSynchro
                0x080067d4       0x48 ./Drivers/STM32H7xx_HAL_Driver/Src/stm32h7xx_hal_rtc.o
                0x080067d4                HAL_RTC_WaitForSynchro
 .text.RTC_EnterInitMode
                0x0800681c       0x66 ./Drivers/STM32H7xx_HAL_Driver/Src/stm32h7xx_hal_rtc.o
                0x0800681c                RTC_EnterInitMode
 *fill*         0x08006882        0x2 
 .text.RTC_ExitInitMode
                0x08006884       0x7c ./Drivers/STM32H7xx_HAL_Driver/Src/stm32h7xx_hal_rtc.o
                0x08006884                RTC_ExitInitMode
 .text.RTC_ByteToBcd2
                0x08006900       0x40 ./Drivers/STM32H7xx_HAL_Driver/Src/stm32h7xx_hal_rtc.o
                0x08006900                RTC_ByteToBcd2
 .text.HAL_SPI_Init
                0x08006940      0x248 ./Drivers/STM32H7xx_HAL_Driver/Src/stm32h7xx_hal_spi.o
                0x08006940                HAL_SPI_Init
 .text.HAL_SPI_Transmit
                0x08006b88      0x3dc ./Drivers/STM32H7xx_HAL_Driver/Src/stm32h7xx_hal_spi.o
                0x08006b88                HAL_SPI_Transmit
 .text.HAL_SPI_Receive
                0x08006f64      0x4e4 ./Drivers/STM32H7xx_HAL_Driver/Src/stm32h7xx_hal_spi.o
                0x08006f64                HAL_SPI_Receive
 .text.SPI_CloseTransfer
                0x08007448      0x140 ./Drivers/STM32H7xx_HAL_Driver/Src/stm32h7xx_hal_spi.o
 .text.SPI_WaitOnFlagUntilTimeout
                0x08007588       0x5c ./Drivers/STM32H7xx_HAL_Driver/Src/stm32h7xx_hal_spi.o
 .text.SPI_GetPacketSize
                0x080075e4       0x36 ./Drivers/STM32H7xx_HAL_Driver/Src/stm32h7xx_hal_spi.o
 .text.HAL_TIM_PWM_Init
                0x0800761a       0xae ./Drivers/STM32H7xx_HAL_Driver/Src/stm32h7xx_hal_tim.o
                0x0800761a                HAL_TIM_PWM_Init
 .text.HAL_TIM_PWM_ConfigChannel
                0x080076c8      0x228 ./Drivers/STM32H7xx_HAL_Driver/Src/stm32h7xx_hal_tim.o
                0x080076c8                HAL_TIM_PWM_ConfigChannel
 .text.TIM_Base_SetConfig
                0x080078f0      0x140 ./Drivers/STM32H7xx_HAL_Driver/Src/stm32h7xx_hal_tim.o
                0x080078f0                TIM_Base_SetConfig
 .text.TIM_OC1_SetConfig
                0x08007a30      0x120 ./Drivers/STM32H7xx_HAL_Driver/Src/stm32h7xx_hal_tim.o
 .text.TIM_OC2_SetConfig
                0x08007b50      0x114 ./Drivers/STM32H7xx_HAL_Driver/Src/stm32h7xx_hal_tim.o
                0x08007b50                TIM_OC2_SetConfig
 .text.TIM_OC3_SetConfig
                0x08007c64      0x110 ./Drivers/STM32H7xx_HAL_Driver/Src/stm32h7xx_hal_tim.o
 .text.TIM_OC4_SetConfig
                0x08007d74       0xd4 ./Drivers/STM32H7xx_HAL_Driver/Src/stm32h7xx_hal_tim.o
 .text.TIM_OC5_SetConfig
                0x08007e48       0xc8 ./Drivers/STM32H7xx_HAL_Driver/Src/stm32h7xx_hal_tim.o
 .text.TIM_OC6_SetConfig
                0x08007f10       0xcc ./Drivers/STM32H7xx_HAL_Driver/Src/stm32h7xx_hal_tim.o
 .text.HAL_TIMEx_PWMN_Start
                0x08007fdc      0x184 ./Drivers/STM32H7xx_HAL_Driver/Src/stm32h7xx_hal_tim_ex.o
                0x08007fdc                HAL_TIMEx_PWMN_Start
 .text.HAL_TIMEx_MasterConfigSynchronization
                0x08008160      0x11c ./Drivers/STM32H7xx_HAL_Driver/Src/stm32h7xx_hal_tim_ex.o
                0x08008160                HAL_TIMEx_MasterConfigSynchronization
 .text.HAL_TIMEx_ConfigBreakDeadTime
                0x0800827c       0xfc ./Drivers/STM32H7xx_HAL_Driver/Src/stm32h7xx_hal_tim_ex.o
                0x0800827c                HAL_TIMEx_ConfigBreakDeadTime
 .text.TIM_CCxNChannelCmd
                0x08008378       0x4a ./Drivers/STM32H7xx_HAL_Driver/Src/stm32h7xx_hal_tim_ex.o
 *fill*         0x080083c2        0x2 
 .text.sprintf  0x080083c4       0x40 /home/jagon/st/stm32cubeide_1.17.0/plugins/com.st.stm32cube.ide.mcu.externaltools.gnu-tools-for-stm32.12.3.rel1.linux64_1.1.0.202410170702/tools/bin/../lib/gcc/arm-none-eabi/12.3.1/../../../../arm-none-eabi/lib/thumb/v7e-m+dp/hard/libc_nano.a(libc_a-sprintf.o)
                0x080083c4                sprintf
                0x080083c4                siprintf
 .text.memset   0x08008404       0x10 /home/jagon/st/stm32cubeide_1.17.0/plugins/com.st.stm32cube.ide.mcu.externaltools.gnu-tools-for-stm32.12.3.rel1.linux64_1.1.0.202410170702/tools/bin/../lib/gcc/arm-none-eabi/12.3.1/../../../../arm-none-eabi/lib/thumb/v7e-m+dp/hard/libc_nano.a(libc_a-memset.o)
                0x08008404                memset
 .text.__errno  0x08008414        0xc /home/jagon/st/stm32cubeide_1.17.0/plugins/com.st.stm32cube.ide.mcu.externaltools.gnu-tools-for-stm32.12.3.rel1.linux64_1.1.0.202410170702/tools/bin/../lib/gcc/arm-none-eabi/12.3.1/../../../../arm-none-eabi/lib/thumb/v7e-m+dp/hard/libc_nano.a(libc_a-errno.o)
                0x08008414                __errno
 .text.__libc_init_array
                0x08008420       0x48 /home/jagon/st/stm32cubeide_1.17.0/plugins/com.st.stm32cube.ide.mcu.externaltools.gnu-tools-for-stm32.12.3.rel1.linux64_1.1.0.202410170702/tools/bin/../lib/gcc/arm-none-eabi/12.3.1/../../../../arm-none-eabi/lib/thumb/v7e-m+dp/hard/libc_nano.a(libc_a-init.o)
                0x08008420                __libc_init_array
 .text.__retarget_lock_acquire_recursive
                0x08008468        0x2 /home/jagon/st/stm32cubeide_1.17.0/plugins/com.st.stm32cube.ide.mcu.externaltools.gnu-tools-for-stm32.12.3.rel1.linux64_1.1.0.202410170702/tools/bin/../lib/gcc/arm-none-eabi/12.3.1/../../../../arm-none-eabi/lib/thumb/v7e-m+dp/hard/libc_nano.a(libc_a-lock.o)
                0x08008468                __retarget_lock_acquire_recursive
 .text.__retarget_lock_release_recursive
                0x0800846a        0x2 /home/jagon/st/stm32cubeide_1.17.0/plugins/com.st.stm32cube.ide.mcu.externaltools.gnu-tools-for-stm32.12.3.rel1.linux64_1.1.0.202410170702/tools/bin/../lib/gcc/arm-none-eabi/12.3.1/../../../../arm-none-eabi/lib/thumb/v7e-m+dp/hard/libc_nano.a(libc_a-lock.o)
                0x0800846a                __retarget_lock_release_recursive
 .text._free_r  0x0800846c       0x94 /home/jagon/st/stm32cubeide_1.17.0/plugins/com.st.stm32cube.ide.mcu.externaltools.gnu-tools-for-stm32.12.3.rel1.linux64_1.1.0.202410170702/tools/bin/../lib/gcc/arm-none-eabi/12.3.1/../../../../arm-none-eabi/lib/thumb/v7e-m+dp/hard/libc_nano.a(libc_a-freer.o)
                0x0800846c                _free_r
 .text.sbrk_aligned
                0x08008500       0x44 /home/jagon/st/stm32cubeide_1.17.0/plugins/com.st.stm32cube.ide.mcu.externaltools.gnu-tools-for-stm32.12.3.rel1.linux64_1.1.0.202410170702/tools/bin/../lib/gcc/arm-none-eabi/12.3.1/../../../../arm-none-eabi/lib/thumb/v7e-m+dp/hard/libc_nano.a(libc_a-mallocr.o)
 .text._malloc_r
                0x08008544      0x100 /home/jagon/st/stm32cubeide_1.17.0/plugins/com.st.stm32cube.ide.mcu.externaltools.gnu-tools-for-stm32.12.3.rel1.linux64_1.1.0.202410170702/tools/bin/../lib/gcc/arm-none-eabi/12.3.1/../../../../arm-none-eabi/lib/thumb/v7e-m+dp/hard/libc_nano.a(libc_a-mallocr.o)
                0x08008544                _malloc_r
 .text.__malloc_lock
                0x08008644        0xc /home/jagon/st/stm32cubeide_1.17.0/plugins/com.st.stm32cube.ide.mcu.externaltools.gnu-tools-for-stm32.12.3.rel1.linux64_1.1.0.202410170702/tools/bin/../lib/gcc/arm-none-eabi/12.3.1/../../../../arm-none-eabi/lib/thumb/v7e-m+dp/hard/libc_nano.a(libc_a-mlock.o)
                0x08008644                __malloc_lock
 .text.__malloc_unlock
                0x08008650        0xc /home/jagon/st/stm32cubeide_1.17.0/plugins/com.st.stm32cube.ide.mcu.externaltools.gnu-tools-for-stm32.12.3.rel1.linux64_1.1.0.202410170702/tools/bin/../lib/gcc/arm-none-eabi/12.3.1/../../../../arm-none-eabi/lib/thumb/v7e-m+dp/hard/libc_nano.a(libc_a-mlock.o)
                0x08008650                __malloc_unlock
 .text.__ssputs_r
                0x0800865c       0xb6 /home/jagon/st/stm32cubeide_1.17.0/plugins/com.st.stm32cube.ide.mcu.externaltools.gnu-tools-for-stm32.12.3.rel1.linux64_1.1.0.202410170702/tools/bin/../lib/gcc/arm-none-eabi/12.3.1/../../../../arm-none-eabi/lib/thumb/v7e-m+dp/hard/libc_nano.a(libc_a-nano-svfprintf.o)
                0x0800865c                __ssputs_r
 *fill*         0x08008712        0x2 
 .text._svfprintf_r
                0x08008714      0x1f8 /home/jagon/st/stm32cubeide_1.17.0/plugins/com.st.stm32cube.ide.mcu.externaltools.gnu-tools-for-stm32.12.3.rel1.linux64_1.1.0.202410170702/tools/bin/../lib/gcc/arm-none-eabi/12.3.1/../../../../arm-none-eabi/lib/thumb/v7e-m+dp/hard/libc_nano.a(libc_a-nano-svfprintf.o)
                0x08008714                _svfprintf_r
                0x08008714                _svfiprintf_r
 .text._printf_common
                0x0800890c       0xda /home/jagon/st/stm32cubeide_1.17.0/plugins/com.st.stm32cube.ide.mcu.externaltools.gnu-tools-for-stm32.12.3.rel1.linux64_1.1.0.202410170702/tools/bin/../lib/gcc/arm-none-eabi/12.3.1/../../../../arm-none-eabi/lib/thumb/v7e-m+dp/hard/libc_nano.a(libc_a-nano-vfprintf_i.o)
                0x0800890c                _printf_common
 *fill*         0x080089e6        0x2 
 .text._printf_i
                0x080089e8      0x240 /home/jagon/st/stm32cubeide_1.17.0/plugins/com.st.stm32cube.ide.mcu.externaltools.gnu-tools-for-stm32.12.3.rel1.linux64_1.1.0.202410170702/tools/bin/../lib/gcc/arm-none-eabi/12.3.1/../../../../arm-none-eabi/lib/thumb/v7e-m+dp/hard/libc_nano.a(libc_a-nano-vfprintf_i.o)
                0x080089e8                _printf_i
 .text.memmove  0x08008c28       0x34 /home/jagon/st/stm32cubeide_1.17.0/plugins/com.st.stm32cube.ide.mcu.externaltools.gnu-tools-for-stm32.12.3.rel1.linux64_1.1.0.202410170702/tools/bin/../lib/gcc/arm-none-eabi/12.3.1/../../../../arm-none-eabi/lib/thumb/v7e-m+dp/hard/libc_nano.a(libc_a-memmove.o)
                0x08008c28                memmove
 .text._sbrk_r  0x08008c5c       0x20 /home/jagon/st/stm32cubeide_1.17.0/plugins/com.st.stm32cube.ide.mcu.externaltools.gnu-tools-for-stm32.12.3.rel1.linux64_1.1.0.202410170702/tools/bin/../lib/gcc/arm-none-eabi/12.3.1/../../../../arm-none-eabi/lib/thumb/v7e-m+dp/hard/libc_nano.a(libc_a-sbrkr.o)
                0x08008c5c                _sbrk_r
 .text.memcpy   0x08008c7c       0x1c /home/jagon/st/stm32cubeide_1.17.0/plugins/com.st.stm32cube.ide.mcu.externaltools.gnu-tools-for-stm32.12.3.rel1.linux64_1.1.0.202410170702/tools/bin/../lib/gcc/arm-none-eabi/12.3.1/../../../../arm-none-eabi/lib/thumb/v7e-m+dp/hard/libc_nano.a(libc_a-memcpy-stub.o)
                0x08008c7c                memcpy
 .text._realloc_r
                0x08008c98       0x5c /home/jagon/st/stm32cubeide_1.17.0/plugins/com.st.stm32cube.ide.mcu.externaltools.gnu-tools-for-stm32.12.3.rel1.linux64_1.1.0.202410170702/tools/bin/../lib/gcc/arm-none-eabi/12.3.1/../../../../arm-none-eabi/lib/thumb/v7e-m+dp/hard/libc_nano.a(libc_a-reallocr.o)
                0x08008c98                _realloc_r
 .text._malloc_usable_size_r
                0x08008cf4       0x10 /home/jagon/st/stm32cubeide_1.17.0/plugins/com.st.stm32cube.ide.mcu.externaltools.gnu-tools-for-stm32.12.3.rel1.linux64_1.1.0.202410170702/tools/bin/../lib/gcc/arm-none-eabi/12.3.1/../../../../arm-none-eabi/lib/thumb/v7e-m+dp/hard/libc_nano.a(libc_a-msizer.o)
                0x08008cf4                _malloc_usable_size_r
 *(.glue_7)
 .glue_7        0x08008d04        0x0 linker stubs
 *(.glue_7t)
 .glue_7t       0x08008d04        0x0 linker stubs
 *(.eh_frame)
 .eh_frame      0x08008d04        0x0 /home/jagon/st/stm32cubeide_1.17.0/plugins/com.st.stm32cube.ide.mcu.externaltools.gnu-tools-for-stm32.12.3.rel1.linux64_1.1.0.202410170702/tools/bin/../lib/gcc/arm-none-eabi/12.3.1/thumb/v7e-m+dp/hard/crtbegin.o
 *(.init)
 .init          0x08008d04        0x4 /home/jagon/st/stm32cubeide_1.17.0/plugins/com.st.stm32cube.ide.mcu.externaltools.gnu-tools-for-stm32.12.3.rel1.linux64_1.1.0.202410170702/tools/bin/../lib/gcc/arm-none-eabi/12.3.1/thumb/v7e-m+dp/hard/crti.o
                0x08008d04                _init
 .init          0x08008d08        0x8 /home/jagon/st/stm32cubeide_1.17.0/plugins/com.st.stm32cube.ide.mcu.externaltools.gnu-tools-for-stm32.12.3.rel1.linux64_1.1.0.202410170702/tools/bin/../lib/gcc/arm-none-eabi/12.3.1/thumb/v7e-m+dp/hard/crtn.o
 *(.fini)
 .fini          0x08008d10        0x4 /home/jagon/st/stm32cubeide_1.17.0/plugins/com.st.stm32cube.ide.mcu.externaltools.gnu-tools-for-stm32.12.3.rel1.linux64_1.1.0.202410170702/tools/bin/../lib/gcc/arm-none-eabi/12.3.1/thumb/v7e-m+dp/hard/crti.o
                0x08008d10                _fini
 .fini          0x08008d14        0x8 /home/jagon/st/stm32cubeide_1.17.0/plugins/com.st.stm32cube.ide.mcu.externaltools.gnu-tools-for-stm32.12.3.rel1.linux64_1.1.0.202410170702/tools/bin/../lib/gcc/arm-none-eabi/12.3.1/thumb/v7e-m+dp/hard/crtn.o
                0x08008d1c                        . = ALIGN (0x4)
                0x08008d1c                        _etext = .

.vfp11_veneer   0x08008d1c        0x0
 .vfp11_veneer  0x08008d1c        0x0 linker stubs

.v4_bx          0x08008d1c        0x0
 .v4_bx         0x08008d1c        0x0 linker stubs

.iplt           0x08008d1c        0x0
 .iplt          0x08008d1c        0x0 /home/jagon/st/stm32cubeide_1.17.0/plugins/com.st.stm32cube.ide.mcu.externaltools.gnu-tools-for-stm32.12.3.rel1.linux64_1.1.0.202410170702/tools/bin/../lib/gcc/arm-none-eabi/12.3.1/thumb/v7e-m+dp/hard/crtbegin.o

.rodata         0x08008d1c     0x6f28
                0x08008d1c                        . = ALIGN (0x4)
 *(.rodata)
 .rodata        0x08008d1c       0x34 ./Core/Src/lcd.o
 *(.rodata*)
 .rodata.asc2_1206
                0x08008d50      0x474 ./Core/Src/lcd.o
                0x08008d50                asc2_1206
 .rodata.asc2_1608
                0x080091c4      0x5f0 ./Core/Src/lcd.o
                0x080091c4                asc2_1608
 .rodata.WeActStudiologo_160_80
                0x080097b4     0x6449 ./Core/Src/logo_160_80.o
                0x080097b4                WeActStudiologo_160_80
 *fill*         0x0800fbfd        0x3 
 .rodata.D1CorePrescTable
                0x0800fc00       0x10 ./Core/Src/system_stm32h7xx.o
                0x0800fc00                D1CorePrescTable
 .rodata._svfprintf_r.str1.1
                0x0800fc10       0x11 /home/jagon/st/stm32cubeide_1.17.0/plugins/com.st.stm32cube.ide.mcu.externaltools.gnu-tools-for-stm32.12.3.rel1.linux64_1.1.0.202410170702/tools/bin/../lib/gcc/arm-none-eabi/12.3.1/../../../../arm-none-eabi/lib/thumb/v7e-m+dp/hard/libc_nano.a(libc_a-nano-svfprintf.o)
 .rodata._printf_i.str1.1
                0x0800fc21       0x22 /home/jagon/st/stm32cubeide_1.17.0/plugins/com.st.stm32cube.ide.mcu.externaltools.gnu-tools-for-stm32.12.3.rel1.linux64_1.1.0.202410170702/tools/bin/../lib/gcc/arm-none-eabi/12.3.1/../../../../arm-none-eabi/lib/thumb/v7e-m+dp/hard/libc_nano.a(libc_a-nano-vfprintf_i.o)
                0x0800fc44                        . = ALIGN (0x4)
 *fill*         0x0800fc43        0x1 

.ARM.extab
 *(.ARM.extab* .gnu.linkonce.armextab.*)

.ARM            0x0800fc44        0x8
                0x0800fc44                        __exidx_start = .
 *(.ARM.exidx*)
 .ARM.exidx     0x0800fc44        0x8 /home/jagon/st/stm32cubeide_1.17.0/plugins/com.st.stm32cube.ide.mcu.externaltools.gnu-tools-for-stm32.12.3.rel1.linux64_1.1.0.202410170702/tools/bin/../lib/gcc/arm-none-eabi/12.3.1/../../../../arm-none-eabi/lib/thumb/v7e-m+dp/hard/libc_nano.a(libc_a-memchr.o)
                0x0800fc4c                        __exidx_end = .

.preinit_array  0x0800fc4c        0x0
                0x0800fc4c                        PROVIDE (__preinit_array_start = .)
 *(.preinit_array*)
                0x0800fc4c                        PROVIDE (__preinit_array_end = .)

.init_array     0x0800fc4c        0x4
                0x0800fc4c                        PROVIDE (__init_array_start = .)
 *(SORT_BY_NAME(.init_array.*))
 *(.init_array*)
 .init_array    0x0800fc4c        0x4 /home/jagon/st/stm32cubeide_1.17.0/plugins/com.st.stm32cube.ide.mcu.externaltools.gnu-tools-for-stm32.12.3.rel1.linux64_1.1.0.202410170702/tools/bin/../lib/gcc/arm-none-eabi/12.3.1/thumb/v7e-m+dp/hard/crtbegin.o
                0x0800fc50                        PROVIDE (__init_array_end = .)

.fini_array     0x0800fc50        0x4
                [!provide]                        PROVIDE (__fini_array_start = .)
 *(SORT_BY_NAME(.fini_array.*))
 *(.fini_array*)
 .fini_array    0x0800fc50        0x4 /home/jagon/st/stm32cubeide_1.17.0/plugins/com.st.stm32cube.ide.mcu.externaltools.gnu-tools-for-stm32.12.3.rel1.linux64_1.1.0.202410170702/tools/bin/../lib/gcc/arm-none-eabi/12.3.1/thumb/v7e-m+dp/hard/crtbegin.o
                [!provide]                        PROVIDE (__fini_array_end = .)
                0x0800fc54                        _sidata = LOADADDR (.data)

.rel.dyn        0x0800fc54        0x0
 .rel.iplt      0x0800fc54        0x0 /home/jagon/st/stm32cubeide_1.17.0/plugins/com.st.stm32cube.ide.mcu.externaltools.gnu-tools-for-stm32.12.3.rel1.linux64_1.1.0.202410170702/tools/bin/../lib/gcc/arm-none-eabi/12.3.1/thumb/v7e-m+dp/hard/crtbegin.o

.data           0x24000000      0x100 load address 0x0800fc54
                0x24000000                        . = ALIGN (0x4)
                0x24000000                        _sdata = .
 *(.data)
 *(.data*)
 .data.st7735_pIO
                0x24000000       0x20 ./Core/Src/lcd.o
                0x24000000                st7735_pIO
 .data.POINT_COLOR
                0x24000020        0x2 ./Core/Src/lcd.o
                0x24000020                POINT_COLOR
 .data.foxX     0x24000022        0x2 ./Core/Src/main.o
                0x24000022                foxX
 .data.foxY     0x24000024        0x2 ./Core/Src/main.o
                0x24000024                foxY
 .data.groundLevel
                0x24000026        0x2 ./Core/Src/main.o
                0x24000026                groundLevel
 .data.treePositions
                0x24000028        0x5 ./Core/Src/main.o
                0x24000028                treePositions
 .data.scrollSpeed
                0x2400002d        0x1 ./Core/Src/main.o
                0x2400002d                scrollSpeed
 *fill*         0x2400002e        0x2 
 .data.obstacleInterval
                0x24000030        0x4 ./Core/Src/main.o
                0x24000030                obstacleInterval
 .data.ST7735_LCD_Driver
                0x24000034       0x4c ./Core/Src/st7735.o
                0x24000034                ST7735_LCD_Driver
 .data.OrientationTab
                0x24000080       0x20 ./Core/Src/st7735.o
 .data.SystemCoreClock
                0x240000a0        0x4 ./Core/Src/system_stm32h7xx.o
                0x240000a0                SystemCoreClock
 .data.SystemD2Clock
                0x240000a4        0x4 ./Core/Src/system_stm32h7xx.o
                0x240000a4                SystemD2Clock
 .data.uwTickPrio
                0x240000a8        0x4 ./Drivers/STM32H7xx_HAL_Driver/Src/stm32h7xx_hal.o
                0x240000a8                uwTickPrio
 .data.uwTickFreq
                0x240000ac        0x1 ./Drivers/STM32H7xx_HAL_Driver/Src/stm32h7xx_hal.o
                0x240000ac                uwTickFreq
 *fill*         0x240000ad        0x3 
 .data._impure_ptr
                0x240000b0        0x4 /home/jagon/st/stm32cubeide_1.17.0/plugins/com.st.stm32cube.ide.mcu.externaltools.gnu-tools-for-stm32.12.3.rel1.linux64_1.1.0.202410170702/tools/bin/../lib/gcc/arm-none-eabi/12.3.1/../../../../arm-none-eabi/lib/thumb/v7e-m+dp/hard/libc_nano.a(libc_a-impure.o)
                0x240000b0                _impure_ptr
 .data._impure_data
                0x240000b4       0x4c /home/jagon/st/stm32cubeide_1.17.0/plugins/com.st.stm32cube.ide.mcu.externaltools.gnu-tools-for-stm32.12.3.rel1.linux64_1.1.0.202410170702/tools/bin/../lib/gcc/arm-none-eabi/12.3.1/../../../../arm-none-eabi/lib/thumb/v7e-m+dp/hard/libc_nano.a(libc_a-impure.o)
                0x240000b4                _impure_data
 *(.RamFunc)
 *(.RamFunc*)
                0x24000100                        . = ALIGN (0x4)
                0x24000100                        _edata = .

.igot.plt       0x24000100        0x0 load address 0x0800fd54
 .igot.plt      0x24000100        0x0 /home/jagon/st/stm32cubeide_1.17.0/plugins/com.st.stm32cube.ide.mcu.externaltools.gnu-tools-for-stm32.12.3.rel1.linux64_1.1.0.202410170702/tools/bin/../lib/gcc/arm-none-eabi/12.3.1/thumb/v7e-m+dp/hard/crtbegin.o
                0x24000100                        . = ALIGN (0x4)

.bss            0x24000100      0x7fc load address 0x0800fd54
                0x24000100                        _sbss = .
                0x24000100                        __bss_start__ = _sbss
 *(.bss)
 .bss           0x24000100       0x1c /home/jagon/st/stm32cubeide_1.17.0/plugins/com.st.stm32cube.ide.mcu.externaltools.gnu-tools-for-stm32.12.3.rel1.linux64_1.1.0.202410170702/tools/bin/../lib/gcc/arm-none-eabi/12.3.1/thumb/v7e-m+dp/hard/crtbegin.o
 *(.bss*)
 .bss.st7735_pObj
                0x2400011c       0x38 ./Core/Src/lcd.o
                0x2400011c                st7735_pObj
 .bss.st7735_id
                0x24000154        0x4 ./Core/Src/lcd.o
                0x24000154                st7735_id
 .bss.BACK_COLOR
                0x24000158        0x2 ./Core/Src/lcd.o
                0x24000158                BACK_COLOR
 .bss.foxVelocityY
                0x2400015a        0x1 ./Core/Src/main.o
                0x2400015a                foxVelocityY
 .bss.isJumping
                0x2400015b        0x1 ./Core/Src/main.o
                0x2400015b                isJumping
 .bss.bgOffset  0x2400015c        0x2 ./Core/Src/main.o
                0x2400015c                bgOffset
 *fill*         0x2400015e        0x2 
 .bss.obstaclePosX
                0x24000160       0x28 ./Core/Src/main.o
                0x24000160                obstaclePosX
 .bss.obstacleActive
                0x24000188       0x14 ./Core/Src/main.o
                0x24000188                obstacleActive
 .bss.lastObstacleTime
                0x2400019c        0x4 ./Core/Src/main.o
                0x2400019c                lastObstacleTime
 .bss.nextObstacleIndex
                0x240001a0        0x1 ./Core/Src/main.o
                0x240001a0                nextObstacleIndex
 *fill*         0x240001a1        0x3 
 .bss.hrtc      0x240001a4       0x24 ./Core/Src/rtc.o
                0x240001a4                hrtc
 .bss.hspi4     0x240001c8       0x88 ./Core/Src/spi.o
                0x240001c8                hspi4
 .bss.ST7735Ctx
                0x24000250       0x10 ./Core/Src/st7735.o
                0x24000250                ST7735Ctx
 .bss.pdata.1   0x24000260      0x280 ./Core/Src/st7735.o
 .bss.pdata.0   0x240004e0      0x280 ./Core/Src/st7735.o
 .bss.__sbrk_heap_end
                0x24000760        0x4 ./Core/Src/sysmem.o
 .bss.htim1     0x24000764       0x4c ./Core/Src/tim.o
                0x24000764                htim1
 .bss.uwTick    0x240007b0        0x4 ./Drivers/STM32H7xx_HAL_Driver/Src/stm32h7xx_hal.o
                0x240007b0                uwTick
 .bss.__sf      0x240007b4      0x138 /home/jagon/st/stm32cubeide_1.17.0/plugins/com.st.stm32cube.ide.mcu.externaltools.gnu-tools-for-stm32.12.3.rel1.linux64_1.1.0.202410170702/tools/bin/../lib/gcc/arm-none-eabi/12.3.1/../../../../arm-none-eabi/lib/thumb/v7e-m+dp/hard/libc_nano.a(libc_a-findfp.o)
                0x240007b4                __sf
 .bss.errno     0x240008ec        0x4 /home/jagon/st/stm32cubeide_1.17.0/plugins/com.st.stm32cube.ide.mcu.externaltools.gnu-tools-for-stm32.12.3.rel1.linux64_1.1.0.202410170702/tools/bin/../lib/gcc/arm-none-eabi/12.3.1/../../../../arm-none-eabi/lib/thumb/v7e-m+dp/hard/libc_nano.a(libc_a-reent.o)
                0x240008ec                errno
 .bss.__lock___malloc_recursive_mutex
                0x240008f0        0x1 /home/jagon/st/stm32cubeide_1.17.0/plugins/com.st.stm32cube.ide.mcu.externaltools.gnu-tools-for-stm32.12.3.rel1.linux64_1.1.0.202410170702/tools/bin/../lib/gcc/arm-none-eabi/12.3.1/../../../../arm-none-eabi/lib/thumb/v7e-m+dp/hard/libc_nano.a(libc_a-lock.o)
                0x240008f0                __lock___malloc_recursive_mutex
 *fill*         0x240008f1        0x3 
 .bss.__malloc_sbrk_start
                0x240008f4        0x4 /home/jagon/st/stm32cubeide_1.17.0/plugins/com.st.stm32cube.ide.mcu.externaltools.gnu-tools-for-stm32.12.3.rel1.linux64_1.1.0.202410170702/tools/bin/../lib/gcc/arm-none-eabi/12.3.1/../../../../arm-none-eabi/lib/thumb/v7e-m+dp/hard/libc_nano.a(libc_a-mallocr.o)
                0x240008f4                __malloc_sbrk_start
 .bss.__malloc_free_list
                0x240008f8        0x4 /home/jagon/st/stm32cubeide_1.17.0/plugins/com.st.stm32cube.ide.mcu.externaltools.gnu-tools-for-stm32.12.3.rel1.linux64_1.1.0.202410170702/tools/bin/../lib/gcc/arm-none-eabi/12.3.1/../../../../arm-none-eabi/lib/thumb/v7e-m+dp/hard/libc_nano.a(libc_a-mallocr.o)
                0x240008f8                __malloc_free_list
 *(COMMON)
                0x240008fc                        . = ALIGN (0x4)
                0x240008fc                        _ebss = .
                0x240008fc                        __bss_end__ = _ebss

._user_heap_stack
                0x240008fc      0x604 load address 0x0800fd54
                0x24000900                        . = ALIGN (0x8)
 *fill*         0x240008fc        0x4 
                [!provide]                        PROVIDE (end = .)
                0x24000900                        PROVIDE (_end = .)
                0x24000b00                        . = (. + _Min_Heap_Size)
 *fill*         0x24000900      0x200 
                0x24000f00                        . = (. + _Min_Stack_Size)
 *fill*         0x24000b00      0x400 
                0x24000f00                        . = ALIGN (0x8)

/DISCARD/
 libc.a(*)
 libm.a(*)
 libgcc.a(*)

.ARM.attributes
                0x00000000       0x2e
 *(.ARM.attributes)
 .ARM.attributes
                0x00000000       0x20 /home/jagon/st/stm32cubeide_1.17.0/plugins/com.st.stm32cube.ide.mcu.externaltools.gnu-tools-for-stm32.12.3.rel1.linux64_1.1.0.202410170702/tools/bin/../lib/gcc/arm-none-eabi/12.3.1/thumb/v7e-m+dp/hard/crti.o
 .ARM.attributes
                0x00000020       0x32 /home/jagon/st/stm32cubeide_1.17.0/plugins/com.st.stm32cube.ide.mcu.externaltools.gnu-tools-for-stm32.12.3.rel1.linux64_1.1.0.202410170702/tools/bin/../lib/gcc/arm-none-eabi/12.3.1/thumb/v7e-m+dp/hard/crtbegin.o
 .ARM.attributes
                0x00000052       0x32 ./Core/Src/gpio.o
 .ARM.attributes
                0x00000084       0x32 ./Core/Src/lcd.o
 .ARM.attributes
                0x000000b6       0x32 ./Core/Src/logo_160_80.o
 .ARM.attributes
                0x000000e8       0x32 ./Core/Src/main.o
 .ARM.attributes
                0x0000011a       0x32 ./Core/Src/rtc.o
 .ARM.attributes
                0x0000014c       0x32 ./Core/Src/spi.o
 .ARM.attributes
                0x0000017e       0x32 ./Core/Src/st7735.o
 .ARM.attributes
                0x000001b0       0x32 ./Core/Src/st7735_reg.o
 .ARM.attributes
                0x000001e2       0x32 ./Core/Src/stm32h7xx_hal_msp.o
 .ARM.attributes
                0x00000214       0x32 ./Core/Src/stm32h7xx_it.o
 .ARM.attributes
                0x00000246       0x32 ./Core/Src/sysmem.o
 .ARM.attributes
                0x00000278       0x32 ./Core/Src/system_stm32h7xx.o
 .ARM.attributes
                0x000002aa       0x32 ./Core/Src/tim.o
 .ARM.attributes
                0x000002dc       0x21 ./Core/Startup/startup_stm32h743vitx.o
 .ARM.attributes
                0x000002fd       0x32 ./Drivers/STM32H7xx_HAL_Driver/Src/stm32h7xx_hal.o
 .ARM.attributes
                0x0000032f       0x32 ./Drivers/STM32H7xx_HAL_Driver/Src/stm32h7xx_hal_cortex.o
 .ARM.attributes
                0x00000361       0x32 ./Drivers/STM32H7xx_HAL_Driver/Src/stm32h7xx_hal_gpio.o
 .ARM.attributes
                0x00000393       0x32 ./Drivers/STM32H7xx_HAL_Driver/Src/stm32h7xx_hal_pwr.o
 .ARM.attributes
                0x000003c5       0x32 ./Drivers/STM32H7xx_HAL_Driver/Src/stm32h7xx_hal_pwr_ex.o
 .ARM.attributes
                0x000003f7       0x32 ./Drivers/STM32H7xx_HAL_Driver/Src/stm32h7xx_hal_rcc.o
 .ARM.attributes
                0x00000429       0x32 ./Drivers/STM32H7xx_HAL_Driver/Src/stm32h7xx_hal_rcc_ex.o
 .ARM.attributes
                0x0000045b       0x32 ./Drivers/STM32H7xx_HAL_Driver/Src/stm32h7xx_hal_rtc.o
 .ARM.attributes
                0x0000048d       0x32 ./Drivers/STM32H7xx_HAL_Driver/Src/stm32h7xx_hal_spi.o
 .ARM.attributes
                0x000004bf       0x32 ./Drivers/STM32H7xx_HAL_Driver/Src/stm32h7xx_hal_tim.o
 .ARM.attributes
                0x000004f1       0x32 ./Drivers/STM32H7xx_HAL_Driver/Src/stm32h7xx_hal_tim_ex.o
 .ARM.attributes
                0x00000523       0x32 /home/jagon/st/stm32cubeide_1.17.0/plugins/com.st.stm32cube.ide.mcu.externaltools.gnu-tools-for-stm32.12.3.rel1.linux64_1.1.0.202410170702/tools/bin/../lib/gcc/arm-none-eabi/12.3.1/../../../../arm-none-eabi/lib/thumb/v7e-m+dp/hard/libc_nano.a(libc_a-findfp.o)
 .ARM.attributes
                0x00000555       0x32 /home/jagon/st/stm32cubeide_1.17.0/plugins/com.st.stm32cube.ide.mcu.externaltools.gnu-tools-for-stm32.12.3.rel1.linux64_1.1.0.202410170702/tools/bin/../lib/gcc/arm-none-eabi/12.3.1/../../../../arm-none-eabi/lib/thumb/v7e-m+dp/hard/libc_nano.a(libc_a-sprintf.o)
 .ARM.attributes
                0x00000587       0x32 /home/jagon/st/stm32cubeide_1.17.0/plugins/com.st.stm32cube.ide.mcu.externaltools.gnu-tools-for-stm32.12.3.rel1.linux64_1.1.0.202410170702/tools/bin/../lib/gcc/arm-none-eabi/12.3.1/../../../../arm-none-eabi/lib/thumb/v7e-m+dp/hard/libc_nano.a(libc_a-memset.o)
 .ARM.attributes
                0x000005b9       0x32 /home/jagon/st/stm32cubeide_1.17.0/plugins/com.st.stm32cube.ide.mcu.externaltools.gnu-tools-for-stm32.12.3.rel1.linux64_1.1.0.202410170702/tools/bin/../lib/gcc/arm-none-eabi/12.3.1/../../../../arm-none-eabi/lib/thumb/v7e-m+dp/hard/libc_nano.a(libc_a-reent.o)
 .ARM.attributes
                0x000005eb       0x32 /home/jagon/st/stm32cubeide_1.17.0/plugins/com.st.stm32cube.ide.mcu.externaltools.gnu-tools-for-stm32.12.3.rel1.linux64_1.1.0.202410170702/tools/bin/../lib/gcc/arm-none-eabi/12.3.1/../../../../arm-none-eabi/lib/thumb/v7e-m+dp/hard/libc_nano.a(libc_a-impure.o)
 .ARM.attributes
                0x0000061d       0x32 /home/jagon/st/stm32cubeide_1.17.0/plugins/com.st.stm32cube.ide.mcu.externaltools.gnu-tools-for-stm32.12.3.rel1.linux64_1.1.0.202410170702/tools/bin/../lib/gcc/arm-none-eabi/12.3.1/../../../../arm-none-eabi/lib/thumb/v7e-m+dp/hard/libc_nano.a(libc_a-errno.o)
 .ARM.attributes
                0x0000064f       0x32 /home/jagon/st/stm32cubeide_1.17.0/plugins/com.st.stm32cube.ide.mcu.externaltools.gnu-tools-for-stm32.12.3.rel1.linux64_1.1.0.202410170702/tools/bin/../lib/gcc/arm-none-eabi/12.3.1/../../../../arm-none-eabi/lib/thumb/v7e-m+dp/hard/libc_nano.a(libc_a-init.o)
 .ARM.attributes
                0x00000681       0x32 /home/jagon/st/stm32cubeide_1.17.0/plugins/com.st.stm32cube.ide.mcu.externaltools.gnu-tools-for-stm32.12.3.rel1.linux64_1.1.0.202410170702/tools/bin/../lib/gcc/arm-none-eabi/12.3.1/../../../../arm-none-eabi/lib/thumb/v7e-m+dp/hard/libc_nano.a(libc_a-lock.o)
 .ARM.attributes
                0x000006b3       0x32 /home/jagon/st/stm32cubeide_1.17.0/plugins/com.st.stm32cube.ide.mcu.externaltools.gnu-tools-for-stm32.12.3.rel1.linux64_1.1.0.202410170702/tools/bin/../lib/gcc/arm-none-eabi/12.3.1/../../../../arm-none-eabi/lib/thumb/v7e-m+dp/hard/libc_nano.a(libc_a-freer.o)
 .ARM.attributes
                0x000006e5       0x32 /home/jagon/st/stm32cubeide_1.17.0/plugins/com.st.stm32cube.ide.mcu.externaltools.gnu-tools-for-stm32.12.3.rel1.linux64_1.1.0.202410170702/tools/bin/../lib/gcc/arm-none-eabi/12.3.1/../../../../arm-none-eabi/lib/thumb/v7e-m+dp/hard/libc_nano.a(libc_a-mallocr.o)
 .ARM.attributes
                0x00000717       0x32 /home/jagon/st/stm32cubeide_1.17.0/plugins/com.st.stm32cube.ide.mcu.externaltools.gnu-tools-for-stm32.12.3.rel1.linux64_1.1.0.202410170702/tools/bin/../lib/gcc/arm-none-eabi/12.3.1/../../../../arm-none-eabi/lib/thumb/v7e-m+dp/hard/libc_nano.a(libc_a-mlock.o)
 .ARM.attributes
                0x00000749       0x32 /home/jagon/st/stm32cubeide_1.17.0/plugins/com.st.stm32cube.ide.mcu.externaltools.gnu-tools-for-stm32.12.3.rel1.linux64_1.1.0.202410170702/tools/bin/../lib/gcc/arm-none-eabi/12.3.1/../../../../arm-none-eabi/lib/thumb/v7e-m+dp/hard/libc_nano.a(libc_a-nano-svfprintf.o)
 .ARM.attributes
                0x0000077b       0x32 /home/jagon/st/stm32cubeide_1.17.0/plugins/com.st.stm32cube.ide.mcu.externaltools.gnu-tools-for-stm32.12.3.rel1.linux64_1.1.0.202410170702/tools/bin/../lib/gcc/arm-none-eabi/12.3.1/../../../../arm-none-eabi/lib/thumb/v7e-m+dp/hard/libc_nano.a(libc_a-nano-vfprintf_i.o)
 .ARM.attributes
                0x000007ad       0x32 /home/jagon/st/stm32cubeide_1.17.0/plugins/com.st.stm32cube.ide.mcu.externaltools.gnu-tools-for-stm32.12.3.rel1.linux64_1.1.0.202410170702/tools/bin/../lib/gcc/arm-none-eabi/12.3.1/../../../../arm-none-eabi/lib/thumb/v7e-m+dp/hard/libc_nano.a(libc_a-memmove.o)
 .ARM.attributes
                0x000007df       0x32 /home/jagon/st/stm32cubeide_1.17.0/plugins/com.st.stm32cube.ide.mcu.externaltools.gnu-tools-for-stm32.12.3.rel1.linux64_1.1.0.202410170702/tools/bin/../lib/gcc/arm-none-eabi/12.3.1/../../../../arm-none-eabi/lib/thumb/v7e-m+dp/hard/libc_nano.a(libc_a-sbrkr.o)
 .ARM.attributes
                0x00000811       0x1c /home/jagon/st/stm32cubeide_1.17.0/plugins/com.st.stm32cube.ide.mcu.externaltools.gnu-tools-for-stm32.12.3.rel1.linux64_1.1.0.202410170702/tools/bin/../lib/gcc/arm-none-eabi/12.3.1/../../../../arm-none-eabi/lib/thumb/v7e-m+dp/hard/libc_nano.a(libc_a-memchr.o)
 .ARM.attributes
                0x0000082d       0x32 /home/jagon/st/stm32cubeide_1.17.0/plugins/com.st.stm32cube.ide.mcu.externaltools.gnu-tools-for-stm32.12.3.rel1.linux64_1.1.0.202410170702/tools/bin/../lib/gcc/arm-none-eabi/12.3.1/../../../../arm-none-eabi/lib/thumb/v7e-m+dp/hard/libc_nano.a(libc_a-memcpy-stub.o)
 .ARM.attributes
                0x0000085f       0x32 /home/jagon/st/stm32cubeide_1.17.0/plugins/com.st.stm32cube.ide.mcu.externaltools.gnu-tools-for-stm32.12.3.rel1.linux64_1.1.0.202410170702/tools/bin/../lib/gcc/arm-none-eabi/12.3.1/../../../../arm-none-eabi/lib/thumb/v7e-m+dp/hard/libc_nano.a(libc_a-reallocr.o)
 .ARM.attributes
                0x00000891       0x32 /home/jagon/st/stm32cubeide_1.17.0/plugins/com.st.stm32cube.ide.mcu.externaltools.gnu-tools-for-stm32.12.3.rel1.linux64_1.1.0.202410170702/tools/bin/../lib/gcc/arm-none-eabi/12.3.1/../../../../arm-none-eabi/lib/thumb/v7e-m+dp/hard/libc_nano.a(libc_a-msizer.o)
 .ARM.attributes
                0x000008c3       0x20 /home/jagon/st/stm32cubeide_1.17.0/plugins/com.st.stm32cube.ide.mcu.externaltools.gnu-tools-for-stm32.12.3.rel1.linux64_1.1.0.202410170702/tools/bin/../lib/gcc/arm-none-eabi/12.3.1/thumb/v7e-m+dp/hard/crtn.o
OUTPUT(H7Hopper.elf elf32-littlearm)
LOAD linker stubs
LOAD /home/jagon/st/stm32cubeide_1.17.0/plugins/com.st.stm32cube.ide.mcu.externaltools.gnu-tools-for-stm32.12.3.rel1.linux64_1.1.0.202410170702/tools/bin/../lib/gcc/arm-none-eabi/12.3.1/../../../../arm-none-eabi/lib/thumb/v7e-m+dp/hard/libc.a
LOAD /home/jagon/st/stm32cubeide_1.17.0/plugins/com.st.stm32cube.ide.mcu.externaltools.gnu-tools-for-stm32.12.3.rel1.linux64_1.1.0.202410170702/tools/bin/../lib/gcc/arm-none-eabi/12.3.1/../../../../arm-none-eabi/lib/thumb/v7e-m+dp/hard/libm.a
LOAD /home/jagon/st/stm32cubeide_1.17.0/plugins/com.st.stm32cube.ide.mcu.externaltools.gnu-tools-for-stm32.12.3.rel1.linux64_1.1.0.202410170702/tools/bin/../lib/gcc/arm-none-eabi/12.3.1/thumb/v7e-m+dp/hard/libgcc.a

.debug_info     0x00000000    0x16815
 .debug_info    0x00000000      0x634 ./Core/Src/gpio.o
 .debug_info    0x00000634     0x1884 ./Core/Src/lcd.o
 .debug_info    0x00001eb8       0xa4 ./Core/Src/logo_160_80.o
 .debug_info    0x00001f5c     0x202b ./Core/Src/main.o
 .debug_info    0x00003f87      0xd80 ./Core/Src/rtc.o
 .debug_info    0x00004d07     0x1090 ./Core/Src/spi.o
 .debug_info    0x00005d97     0x113e ./Core/Src/st7735.o
 .debug_info    0x00006ed5      0x2be ./Core/Src/st7735_reg.o
 .debug_info    0x00007193      0x464 ./Core/Src/stm32h7xx_hal_msp.o
 .debug_info    0x000075f7      0x128 ./Core/Src/stm32h7xx_it.o
 .debug_info    0x0000771f      0x168 ./Core/Src/sysmem.o
 .debug_info    0x00007887      0xdb2 ./Core/Src/system_stm32h7xx.o
 .debug_info    0x00008639      0xf8a ./Core/Src/tim.o
 .debug_info    0x000095c3       0x30 ./Core/Startup/startup_stm32h743vitx.o
 .debug_info    0x000095f3     0x153b ./Drivers/STM32H7xx_HAL_Driver/Src/stm32h7xx_hal.o
 .debug_info    0x0000ab2e     0x10b1 ./Drivers/STM32H7xx_HAL_Driver/Src/stm32h7xx_hal_cortex.o
 .debug_info    0x0000bbdf      0xc5a ./Drivers/STM32H7xx_HAL_Driver/Src/stm32h7xx_hal_gpio.o
 .debug_info    0x0000c839      0x901 ./Drivers/STM32H7xx_HAL_Driver/Src/stm32h7xx_hal_pwr.o
 .debug_info    0x0000d13a     0x1012 ./Drivers/STM32H7xx_HAL_Driver/Src/stm32h7xx_hal_pwr_ex.o
 .debug_info    0x0000e14c      0xe6a ./Drivers/STM32H7xx_HAL_Driver/Src/stm32h7xx_hal_rcc.o
 .debug_info    0x0000efb6     0x1225 ./Drivers/STM32H7xx_HAL_Driver/Src/stm32h7xx_hal_rcc_ex.o
 .debug_info    0x000101db      0xe57 ./Drivers/STM32H7xx_HAL_Driver/Src/stm32h7xx_hal_rtc.o
 .debug_info    0x00011032     0x144a ./Drivers/STM32H7xx_HAL_Driver/Src/stm32h7xx_hal_spi.o
 .debug_info    0x0001247c     0x2bae ./Drivers/STM32H7xx_HAL_Driver/Src/stm32h7xx_hal_tim.o
 .debug_info    0x0001502a     0x17eb ./Drivers/STM32H7xx_HAL_Driver/Src/stm32h7xx_hal_tim_ex.o

.debug_abbrev   0x00000000     0x3087
 .debug_abbrev  0x00000000      0x189 ./Core/Src/gpio.o
 .debug_abbrev  0x00000189      0x349 ./Core/Src/lcd.o
 .debug_abbrev  0x000004d2       0x54 ./Core/Src/logo_160_80.o
 .debug_abbrev  0x00000526      0x3d6 ./Core/Src/main.o
 .debug_abbrev  0x000008fc      0x1c8 ./Core/Src/rtc.o
 .debug_abbrev  0x00000ac4      0x229 ./Core/Src/spi.o
 .debug_abbrev  0x00000ced      0x20d ./Core/Src/st7735.o
 .debug_abbrev  0x00000efa       0xdd ./Core/Src/st7735_reg.o
 .debug_abbrev  0x00000fd7       0xdb ./Core/Src/stm32h7xx_hal_msp.o
 .debug_abbrev  0x000010b2       0x73 ./Core/Src/stm32h7xx_it.o
 .debug_abbrev  0x00001125       0xbc ./Core/Src/sysmem.o
 .debug_abbrev  0x000011e1      0x165 ./Core/Src/system_stm32h7xx.o
 .debug_abbrev  0x00001346      0x238 ./Core/Src/tim.o
 .debug_abbrev  0x0000157e       0x24 ./Core/Startup/startup_stm32h743vitx.o
 .debug_abbrev  0x000015a2      0x295 ./Drivers/STM32H7xx_HAL_Driver/Src/stm32h7xx_hal.o
 .debug_abbrev  0x00001837      0x339 ./Drivers/STM32H7xx_HAL_Driver/Src/stm32h7xx_hal_cortex.o
 .debug_abbrev  0x00001b70      0x205 ./Drivers/STM32H7xx_HAL_Driver/Src/stm32h7xx_hal_gpio.o
 .debug_abbrev  0x00001d75      0x18e ./Drivers/STM32H7xx_HAL_Driver/Src/stm32h7xx_hal_pwr.o
 .debug_abbrev  0x00001f03      0x2a7 ./Drivers/STM32H7xx_HAL_Driver/Src/stm32h7xx_hal_pwr_ex.o
 .debug_abbrev  0x000021aa      0x2c8 ./Drivers/STM32H7xx_HAL_Driver/Src/stm32h7xx_hal_rcc.o
 .debug_abbrev  0x00002472      0x269 ./Drivers/STM32H7xx_HAL_Driver/Src/stm32h7xx_hal_rcc_ex.o
 .debug_abbrev  0x000026db      0x204 ./Drivers/STM32H7xx_HAL_Driver/Src/stm32h7xx_hal_rtc.o
 .debug_abbrev  0x000028df      0x2b1 ./Drivers/STM32H7xx_HAL_Driver/Src/stm32h7xx_hal_spi.o
 .debug_abbrev  0x00002b90      0x276 ./Drivers/STM32H7xx_HAL_Driver/Src/stm32h7xx_hal_tim.o
 .debug_abbrev  0x00002e06      0x281 ./Drivers/STM32H7xx_HAL_Driver/Src/stm32h7xx_hal_tim_ex.o

.debug_aranges  0x00000000     0x1280
 .debug_aranges
                0x00000000       0x20 ./Core/Src/gpio.o
 .debug_aranges
                0x00000020       0x78 ./Core/Src/lcd.o
 .debug_aranges
                0x00000098       0x18 ./Core/Src/logo_160_80.o
 .debug_aranges
                0x000000b0       0xb8 ./Core/Src/main.o
 .debug_aranges
                0x00000168       0x30 ./Core/Src/rtc.o
 .debug_aranges
                0x00000198       0x30 ./Core/Src/spi.o
 .debug_aranges
                0x000001c8       0xe8 ./Core/Src/st7735.o
 .debug_aranges
                0x000002b0       0x38 ./Core/Src/st7735_reg.o
 .debug_aranges
                0x000002e8       0x20 ./Core/Src/stm32h7xx_hal_msp.o
 .debug_aranges
                0x00000308       0x60 ./Core/Src/stm32h7xx_it.o
 .debug_aranges
                0x00000368       0x20 ./Core/Src/sysmem.o
 .debug_aranges
                0x00000388       0x30 ./Core/Src/system_stm32h7xx.o
 .debug_aranges
                0x000003b8       0x38 ./Core/Src/tim.o
 .debug_aranges
                0x000003f0       0x28 ./Core/Startup/startup_stm32h743vitx.o
 .debug_aranges
                0x00000418      0x198 ./Drivers/STM32H7xx_HAL_Driver/Src/stm32h7xx_hal.o
 .debug_aranges
                0x000005b0      0x130 ./Drivers/STM32H7xx_HAL_Driver/Src/stm32h7xx_hal_cortex.o
 .debug_aranges
                0x000006e0       0x58 ./Drivers/STM32H7xx_HAL_Driver/Src/stm32h7xx_hal_gpio.o
 .debug_aranges
                0x00000738       0xa0 ./Drivers/STM32H7xx_HAL_Driver/Src/stm32h7xx_hal_pwr.o
 .debug_aranges
                0x000007d8      0x158 ./Drivers/STM32H7xx_HAL_Driver/Src/stm32h7xx_hal_pwr_ex.o
 .debug_aranges
                0x00000930       0x88 ./Drivers/STM32H7xx_HAL_Driver/Src/stm32h7xx_hal_rcc.o
 .debug_aranges
                0x000009b8       0xf8 ./Drivers/STM32H7xx_HAL_Driver/Src/stm32h7xx_hal_rcc_ex.o
 .debug_aranges
                0x00000ab0       0xc0 ./Drivers/STM32H7xx_HAL_Driver/Src/stm32h7xx_hal_rtc.o
 .debug_aranges
                0x00000b70      0x1a8 ./Drivers/STM32H7xx_HAL_Driver/Src/stm32h7xx_hal_spi.o
 .debug_aranges
                0x00000d18      0x3e0 ./Drivers/STM32H7xx_HAL_Driver/Src/stm32h7xx_hal_tim.o
 .debug_aranges
                0x000010f8      0x188 ./Drivers/STM32H7xx_HAL_Driver/Src/stm32h7xx_hal_tim_ex.o

.debug_rnglists
                0x00000000      0xe18
 .debug_rnglists
                0x00000000       0x14 ./Core/Src/gpio.o
 .debug_rnglists
                0x00000014       0x5b ./Core/Src/lcd.o
 .debug_rnglists
                0x0000006f       0x90 ./Core/Src/main.o
 .debug_rnglists
                0x000000ff       0x20 ./Core/Src/rtc.o
 .debug_rnglists
                0x0000011f       0x21 ./Core/Src/spi.o
 .debug_rnglists
                0x00000140       0xb6 ./Core/Src/st7735.o
 .debug_rnglists
                0x000001f6       0x25 ./Core/Src/st7735_reg.o
 .debug_rnglists
                0x0000021b       0x13 ./Core/Src/stm32h7xx_hal_msp.o
 .debug_rnglists
                0x0000022e       0x43 ./Core/Src/stm32h7xx_it.o
 .debug_rnglists
                0x00000271       0x13 ./Core/Src/sysmem.o
 .debug_rnglists
                0x00000284       0x21 ./Core/Src/system_stm32h7xx.o
 .debug_rnglists
                0x000002a5       0x26 ./Core/Src/tim.o
 .debug_rnglists
                0x000002cb       0x19 ./Core/Startup/startup_stm32h743vitx.o
 .debug_rnglists
                0x000002e4      0x131 ./Drivers/STM32H7xx_HAL_Driver/Src/stm32h7xx_hal.o
 .debug_rnglists
                0x00000415       0xe0 ./Drivers/STM32H7xx_HAL_Driver/Src/stm32h7xx_hal_cortex.o
 .debug_rnglists
                0x000004f5       0x3f ./Drivers/STM32H7xx_HAL_Driver/Src/stm32h7xx_hal_gpio.o
 .debug_rnglists
                0x00000534       0x74 ./Drivers/STM32H7xx_HAL_Driver/Src/stm32h7xx_hal_pwr.o
 .debug_rnglists
                0x000005a8      0x103 ./Drivers/STM32H7xx_HAL_Driver/Src/stm32h7xx_hal_pwr_ex.o
 .debug_rnglists
                0x000006ab       0x68 ./Drivers/STM32H7xx_HAL_Driver/Src/stm32h7xx_hal_rcc.o
 .debug_rnglists
                0x00000713       0xc0 ./Drivers/STM32H7xx_HAL_Driver/Src/stm32h7xx_hal_rcc_ex.o
 .debug_rnglists
                0x000007d3       0x96 ./Drivers/STM32H7xx_HAL_Driver/Src/stm32h7xx_hal_rtc.o
 .debug_rnglists
                0x00000869      0x148 ./Drivers/STM32H7xx_HAL_Driver/Src/stm32h7xx_hal_spi.o
 .debug_rnglists
                0x000009b1      0x328 ./Drivers/STM32H7xx_HAL_Driver/Src/stm32h7xx_hal_tim.o
 .debug_rnglists
                0x00000cd9      0x13f ./Drivers/STM32H7xx_HAL_Driver/Src/stm32h7xx_hal_tim_ex.o

.debug_macro    0x00000000    0x393ba
 .debug_macro   0x00000000      0x2df ./Core/Src/gpio.o
 .debug_macro   0x000002df      0xad8 ./Core/Src/gpio.o
 .debug_macro   0x00000db7      0x23e ./Core/Src/gpio.o
 .debug_macro   0x00000ff5       0x2e ./Core/Src/gpio.o
 .debug_macro   0x00001023       0x3b ./Core/Src/gpio.o
 .debug_macro   0x0000105e       0x22 ./Core/Src/gpio.o
 .debug_macro   0x00001080       0x8e ./Core/Src/gpio.o
 .debug_macro   0x0000110e       0x51 ./Core/Src/gpio.o
 .debug_macro   0x0000115f      0x103 ./Core/Src/gpio.o
 .debug_macro   0x00001262       0x6a ./Core/Src/gpio.o
 .debug_macro   0x000012cc      0x1df ./Core/Src/gpio.o
 .debug_macro   0x000014ab       0x1c ./Core/Src/gpio.o
 .debug_macro   0x000014c7       0x22 ./Core/Src/gpio.o
 .debug_macro   0x000014e9       0xfb ./Core/Src/gpio.o
 .debug_macro   0x000015e4     0x1305 ./Core/Src/gpio.o
 .debug_macro   0x000028e9      0x11f ./Core/Src/gpio.o
 .debug_macro   0x00002a08       0x27 ./Core/Src/gpio.o
 .debug_macro   0x00002a2f    0x25b9b ./Core/Src/gpio.o
 .debug_macro   0x000285ca       0x6d ./Core/Src/gpio.o
 .debug_macro   0x00028637     0x3d79 ./Core/Src/gpio.o
 .debug_macro   0x0002c3b0      0x189 ./Core/Src/gpio.o
 .debug_macro   0x0002c539       0x61 ./Core/Src/gpio.o
 .debug_macro   0x0002c59a       0x29 ./Core/Src/gpio.o
 .debug_macro   0x0002c5c3       0x43 ./Core/Src/gpio.o
 .debug_macro   0x0002c606       0x34 ./Core/Src/gpio.o
 .debug_macro   0x0002c63a       0x16 ./Core/Src/gpio.o
 .debug_macro   0x0002c650       0x43 ./Core/Src/gpio.o
 .debug_macro   0x0002c693       0x34 ./Core/Src/gpio.o
 .debug_macro   0x0002c6c7       0x10 ./Core/Src/gpio.o
 .debug_macro   0x0002c6d7       0x58 ./Core/Src/gpio.o
 .debug_macro   0x0002c72f       0x8e ./Core/Src/gpio.o
 .debug_macro   0x0002c7bd       0x1c ./Core/Src/gpio.o
 .debug_macro   0x0002c7d9      0x177 ./Core/Src/gpio.o
 .debug_macro   0x0002c950      0x369 ./Core/Src/gpio.o
 .debug_macro   0x0002ccb9      0x19b ./Core/Src/gpio.o
 .debug_macro   0x0002ce54       0x5d ./Core/Src/gpio.o
 .debug_macro   0x0002ceb1     0x2382 ./Core/Src/gpio.o
 .debug_macro   0x0002f233     0x102c ./Core/Src/gpio.o
 .debug_macro   0x0003025f      0x154 ./Core/Src/gpio.o
 .debug_macro   0x000303b3      0x114 ./Core/Src/gpio.o
 .debug_macro   0x000304c7      0x3b6 ./Core/Src/gpio.o
 .debug_macro   0x0003087d       0xac ./Core/Src/gpio.o
 .debug_macro   0x00030929      0x72d ./Core/Src/gpio.o
 .debug_macro   0x00031056      0x228 ./Core/Src/gpio.o
 .debug_macro   0x0003127e       0x66 ./Core/Src/gpio.o
 .debug_macro   0x000312e4      0x3bb ./Core/Src/gpio.o
 .debug_macro   0x0003169f      0x3e4 ./Core/Src/gpio.o
 .debug_macro   0x00031a83      0x275 ./Core/Src/gpio.o
 .debug_macro   0x00031cf8      0x3ca ./Core/Src/gpio.o
 .debug_macro   0x000320c2      0x408 ./Core/Src/gpio.o
 .debug_macro   0x000324ca       0x51 ./Core/Src/gpio.o
 .debug_macro   0x0003251b       0x4a ./Core/Src/gpio.o
 .debug_macro   0x00032565      0x22c ./Core/Src/gpio.o
 .debug_macro   0x00032791       0x67 ./Core/Src/gpio.o
 .debug_macro   0x000327f8       0xa5 ./Core/Src/gpio.o
 .debug_macro   0x0003289d      0x1c4 ./Core/Src/gpio.o
 .debug_macro   0x00032a61      0x25e ./Core/Src/gpio.o
 .debug_macro   0x00032cbf       0x35 ./Core/Src/gpio.o
 .debug_macro   0x00032cf4      0x328 ./Core/Src/gpio.o
 .debug_macro   0x0003301c      0x65b ./Core/Src/gpio.o
 .debug_macro   0x00033677       0xeb ./Core/Src/gpio.o
 .debug_macro   0x00033762      0x5e4 ./Core/Src/gpio.o
 .debug_macro   0x00033d46       0xc1 ./Core/Src/gpio.o
 .debug_macro   0x00033e07      0xafa ./Core/Src/gpio.o
 .debug_macro   0x00034901      0x29f ./Core/Src/gpio.o
 .debug_macro   0x00034ba0      0x5ac ./Core/Src/gpio.o
 .debug_macro   0x0003514c       0x34 ./Core/Src/gpio.o
 .debug_macro   0x00035180      0x39a ./Core/Src/lcd.o
 .debug_macro   0x0003551a      0x154 ./Core/Src/lcd.o
 .debug_macro   0x0003566e       0x9e ./Core/Src/lcd.o
 .debug_macro   0x0003570c       0x1c ./Core/Src/lcd.o
 .debug_macro   0x00035728       0x35 ./Core/Src/lcd.o
 .debug_macro   0x0003575d       0x10 ./Core/Src/lcd.o
 .debug_macro   0x0003576d       0x1c ./Core/Src/lcd.o
 .debug_macro   0x00035789       0x16 ./Core/Src/lcd.o
 .debug_macro   0x0003579f      0x146 ./Core/Src/lcd.o
 .debug_macro   0x000358e5       0x6a ./Core/Src/lcd.o
 .debug_macro   0x0003594f      0x103 ./Core/Src/logo_160_80.o
 .debug_macro   0x00035a52      0x370 ./Core/Src/main.o
 .debug_macro   0x00035dc2      0x2df ./Core/Src/rtc.o
 .debug_macro   0x000360a1      0x2df ./Core/Src/spi.o
 .debug_macro   0x00036380       0x8a ./Core/Src/st7735.o
 .debug_macro   0x0003640a      0x14e ./Core/Src/st7735.o
 .debug_macro   0x00036558       0x72 ./Core/Src/st7735_reg.o
 .debug_macro   0x000365ca      0x2d5 ./Core/Src/stm32h7xx_hal_msp.o
 .debug_macro   0x0003689f      0x2df ./Core/Src/stm32h7xx_it.o
 .debug_macro   0x00036b7e       0xff ./Core/Src/sysmem.o
 .debug_macro   0x00036c7d      0x23c ./Core/Src/sysmem.o
 .debug_macro   0x00036eb9      0x2c6 ./Core/Src/system_stm32h7xx.o
 .debug_macro   0x0003717f      0x2df ./Core/Src/tim.o
 .debug_macro   0x0003745e      0x2f0 ./Drivers/STM32H7xx_HAL_Driver/Src/stm32h7xx_hal.o
 .debug_macro   0x0003774e      0x2c6 ./Drivers/STM32H7xx_HAL_Driver/Src/stm32h7xx_hal_cortex.o
 .debug_macro   0x00037a14      0x2cd ./Drivers/STM32H7xx_HAL_Driver/Src/stm32h7xx_hal_gpio.o
 .debug_macro   0x00037ce1      0x2ea ./Drivers/STM32H7xx_HAL_Driver/Src/stm32h7xx_hal_pwr.o
 .debug_macro   0x00037fcb      0x2ff ./Drivers/STM32H7xx_HAL_Driver/Src/stm32h7xx_hal_pwr_ex.o
 .debug_macro   0x000382ca      0x2ea ./Drivers/STM32H7xx_HAL_Driver/Src/stm32h7xx_hal_rcc.o
 .debug_macro   0x000385b4      0x2e4 ./Drivers/STM32H7xx_HAL_Driver/Src/stm32h7xx_hal_rcc_ex.o
 .debug_macro   0x00038898      0x2c7 ./Drivers/STM32H7xx_HAL_Driver/Src/stm32h7xx_hal_rtc.o
 .debug_macro   0x00038b5f      0x2ce ./Drivers/STM32H7xx_HAL_Driver/Src/stm32h7xx_hal_spi.o
 .debug_macro   0x00038e2d      0x2c7 ./Drivers/STM32H7xx_HAL_Driver/Src/stm32h7xx_hal_tim.o
 .debug_macro   0x000390f4      0x2c6 ./Drivers/STM32H7xx_HAL_Driver/Src/stm32h7xx_hal_tim_ex.o

.debug_line     0x00000000    0x17f2e
 .debug_line    0x00000000      0x889 ./Core/Src/gpio.o
 .debug_line    0x00000889      0xd2d ./Core/Src/lcd.o
 .debug_line    0x000015b6      0x47e ./Core/Src/logo_160_80.o
 .debug_line    0x00001a34      0xee3 ./Core/Src/main.o
 .debug_line    0x00002917      0x8f2 ./Core/Src/rtc.o
 .debug_line    0x00003209      0x904 ./Core/Src/spi.o
 .debug_line    0x00003b0d      0xefe ./Core/Src/st7735.o
 .debug_line    0x00004a0b      0x3df ./Core/Src/st7735_reg.o
 .debug_line    0x00004dea      0x860 ./Core/Src/stm32h7xx_hal_msp.o
 .debug_line    0x0000564a      0x924 ./Core/Src/stm32h7xx_it.o
 .debug_line    0x00005f6e      0x4d1 ./Core/Src/sysmem.o
 .debug_line    0x0000643f      0xa5e ./Core/Src/system_stm32h7xx.o
 .debug_line    0x00006e9d      0x93f ./Core/Src/tim.o
 .debug_line    0x000077dc       0x7b ./Core/Startup/startup_stm32h743vitx.o
 .debug_line    0x00007857      0xe12 ./Drivers/STM32H7xx_HAL_Driver/Src/stm32h7xx_hal.o
 .debug_line    0x00008669      0xe41 ./Drivers/STM32H7xx_HAL_Driver/Src/stm32h7xx_hal_cortex.o
 .debug_line    0x000094aa      0xcea ./Drivers/STM32H7xx_HAL_Driver/Src/stm32h7xx_hal_gpio.o
 .debug_line    0x0000a194      0xa7c ./Drivers/STM32H7xx_HAL_Driver/Src/stm32h7xx_hal_pwr.o
 .debug_line    0x0000ac10      0xf35 ./Drivers/STM32H7xx_HAL_Driver/Src/stm32h7xx_hal_pwr_ex.o
 .debug_line    0x0000bb45     0x13e2 ./Drivers/STM32H7xx_HAL_Driver/Src/stm32h7xx_hal_rcc.o
 .debug_line    0x0000cf27     0x1d7e ./Drivers/STM32H7xx_HAL_Driver/Src/stm32h7xx_hal_rcc_ex.o
 .debug_line    0x0000eca5     0x11f2 ./Drivers/STM32H7xx_HAL_Driver/Src/stm32h7xx_hal_rtc.o
 .debug_line    0x0000fe97     0x2345 ./Drivers/STM32H7xx_HAL_Driver/Src/stm32h7xx_hal_spi.o
 .debug_line    0x000121dc     0x3fa0 ./Drivers/STM32H7xx_HAL_Driver/Src/stm32h7xx_hal_tim.o
 .debug_line    0x0001617c     0x1db2 ./Drivers/STM32H7xx_HAL_Driver/Src/stm32h7xx_hal_tim_ex.o

.debug_str      0x00000000   0x168a7d
 .debug_str     0x00000000   0x16139c ./Core/Src/gpio.o
                             0x161801 (size before relaxing)
 .debug_str     0x0016139c     0x1cc5 ./Core/Src/lcd.o
                             0x163450 (size before relaxing)
 .debug_str     0x00163061       0xfc ./Core/Src/logo_160_80.o
                               0x6788 (size before relaxing)
 .debug_str     0x0016315d      0x99b ./Core/Src/main.o
                             0x1633c2 (size before relaxing)
 .debug_str     0x00163af8      0x397 ./Core/Src/rtc.o
                             0x161e57 (size before relaxing)
 .debug_str     0x00163e8f       0x5b ./Core/Src/spi.o
                             0x1621aa (size before relaxing)
 .debug_str     0x00163eea      0x273 ./Core/Src/st7735.o
                               0x4df7 (size before relaxing)
 .debug_str     0x0016415d       0x19 ./Core/Src/st7735_reg.o
                               0x43d0 (size before relaxing)
 .debug_str     0x00164176       0x2c ./Core/Src/stm32h7xx_hal_msp.o
                             0x161736 (size before relaxing)
 .debug_str     0x001641a2       0xc9 ./Core/Src/stm32h7xx_it.o
                             0x161595 (size before relaxing)
 .debug_str     0x0016426b      0x4dc ./Core/Src/sysmem.o
                               0x6124 (size before relaxing)
 .debug_str     0x00164747      0x244 ./Core/Src/system_stm32h7xx.o
                             0x1619f9 (size before relaxing)
 .debug_str     0x0016498b      0x257 ./Core/Src/tim.o
                             0x16209e (size before relaxing)
 .debug_str     0x00164be2       0x44 ./Core/Startup/startup_stm32h743vitx.o
                                 0x71 (size before relaxing)
 .debug_str     0x00164c26      0xf90 ./Drivers/STM32H7xx_HAL_Driver/Src/stm32h7xx_hal.o
                             0x1628d0 (size before relaxing)
 .debug_str     0x00165bb6      0x2c5 ./Drivers/STM32H7xx_HAL_Driver/Src/stm32h7xx_hal_cortex.o
                             0x16230b (size before relaxing)
 .debug_str     0x00165e7b       0xdb ./Drivers/STM32H7xx_HAL_Driver/Src/stm32h7xx_hal_gpio.o
                             0x161971 (size before relaxing)
 .debug_str     0x00165f56      0x285 ./Drivers/STM32H7xx_HAL_Driver/Src/stm32h7xx_hal_pwr.o
                             0x161938 (size before relaxing)
 .debug_str     0x001661db      0x607 ./Drivers/STM32H7xx_HAL_Driver/Src/stm32h7xx_hal_pwr_ex.o
                             0x161e32 (size before relaxing)
 .debug_str     0x001667e2      0x22e ./Drivers/STM32H7xx_HAL_Driver/Src/stm32h7xx_hal_rcc.o
                             0x161d55 (size before relaxing)
 .debug_str     0x00166a10      0x64b ./Drivers/STM32H7xx_HAL_Driver/Src/stm32h7xx_hal_rcc_ex.o
                             0x162236 (size before relaxing)
 .debug_str     0x0016705b      0x1f9 ./Drivers/STM32H7xx_HAL_Driver/Src/stm32h7xx_hal_rtc.o
                             0x161b0c (size before relaxing)
 .debug_str     0x00167254      0x568 ./Drivers/STM32H7xx_HAL_Driver/Src/stm32h7xx_hal_spi.o
                             0x162079 (size before relaxing)
 .debug_str     0x001677bc      0xe26 ./Drivers/STM32H7xx_HAL_Driver/Src/stm32h7xx_hal_tim.o
                             0x162af4 (size before relaxing)
 .debug_str     0x001685e2      0x49b ./Drivers/STM32H7xx_HAL_Driver/Src/stm32h7xx_hal_tim_ex.o
                             0x16241c (size before relaxing)

.comment        0x00000000       0x43
 .comment       0x00000000       0x43 ./Core/Src/gpio.o
                                 0x44 (size before relaxing)
 .comment       0x00000043       0x44 ./Core/Src/lcd.o
 .comment       0x00000043       0x44 ./Core/Src/logo_160_80.o
 .comment       0x00000043       0x44 ./Core/Src/main.o
 .comment       0x00000043       0x44 ./Core/Src/rtc.o
 .comment       0x00000043       0x44 ./Core/Src/spi.o
 .comment       0x00000043       0x44 ./Core/Src/st7735.o
 .comment       0x00000043       0x44 ./Core/Src/st7735_reg.o
 .comment       0x00000043       0x44 ./Core/Src/stm32h7xx_hal_msp.o
 .comment       0x00000043       0x44 ./Core/Src/stm32h7xx_it.o
 .comment       0x00000043       0x44 ./Core/Src/sysmem.o
 .comment       0x00000043       0x44 ./Core/Src/system_stm32h7xx.o
 .comment       0x00000043       0x44 ./Core/Src/tim.o
 .comment       0x00000043       0x44 ./Drivers/STM32H7xx_HAL_Driver/Src/stm32h7xx_hal.o
 .comment       0x00000043       0x44 ./Drivers/STM32H7xx_HAL_Driver/Src/stm32h7xx_hal_cortex.o
 .comment       0x00000043       0x44 ./Drivers/STM32H7xx_HAL_Driver/Src/stm32h7xx_hal_gpio.o
 .comment       0x00000043       0x44 ./Drivers/STM32H7xx_HAL_Driver/Src/stm32h7xx_hal_pwr.o
 .comment       0x00000043       0x44 ./Drivers/STM32H7xx_HAL_Driver/Src/stm32h7xx_hal_pwr_ex.o
 .comment       0x00000043       0x44 ./Drivers/STM32H7xx_HAL_Driver/Src/stm32h7xx_hal_rcc.o
 .comment       0x00000043       0x44 ./Drivers/STM32H7xx_HAL_Driver/Src/stm32h7xx_hal_rcc_ex.o
 .comment       0x00000043       0x44 ./Drivers/STM32H7xx_HAL_Driver/Src/stm32h7xx_hal_rtc.o
 .comment       0x00000043       0x44 ./Drivers/STM32H7xx_HAL_Driver/Src/stm32h7xx_hal_spi.o
 .comment       0x00000043       0x44 ./Drivers/STM32H7xx_HAL_Driver/Src/stm32h7xx_hal_tim.o
 .comment       0x00000043       0x44 ./Drivers/STM32H7xx_HAL_Driver/Src/stm32h7xx_hal_tim_ex.o

.debug_frame    0x00000000     0x50f4
 .debug_frame   0x00000000       0x34 ./Core/Src/gpio.o
 .debug_frame   0x00000034      0x1d8 ./Core/Src/lcd.o
 .debug_frame   0x0000020c      0x2d0 ./Core/Src/main.o
 .debug_frame   0x000004dc       0x80 ./Core/Src/rtc.o
 .debug_frame   0x0000055c       0x78 ./Core/Src/spi.o
 .debug_frame   0x000005d4      0x3dc ./Core/Src/st7735.o
 .debug_frame   0x000009b0       0xa4 ./Core/Src/st7735_reg.o
 .debug_frame   0x00000a54       0x38 ./Core/Src/stm32h7xx_hal_msp.o
 .debug_frame   0x00000a8c      0x104 ./Core/Src/stm32h7xx_it.o
 .debug_frame   0x00000b90       0x34 ./Core/Src/sysmem.o
 .debug_frame   0x00000bc4       0x78 ./Core/Src/system_stm32h7xx.o
 .debug_frame   0x00000c3c       0xa8 ./Core/Src/tim.o
 .debug_frame   0x00000ce4      0x690 ./Drivers/STM32H7xx_HAL_Driver/Src/stm32h7xx_hal.o
 .debug_frame   0x00001374      0x508 ./Drivers/STM32H7xx_HAL_Driver/Src/stm32h7xx_hal_cortex.o
 .debug_frame   0x0000187c      0x14c ./Drivers/STM32H7xx_HAL_Driver/Src/stm32h7xx_hal_gpio.o
 .debug_frame   0x000019c8      0x254 ./Drivers/STM32H7xx_HAL_Driver/Src/stm32h7xx_hal_pwr.o
 .debug_frame   0x00001c1c      0x580 ./Drivers/STM32H7xx_HAL_Driver/Src/stm32h7xx_hal_pwr_ex.o
 .debug_frame   0x0000219c      0x1f8 ./Drivers/STM32H7xx_HAL_Driver/Src/stm32h7xx_hal_rcc.o
 .debug_frame   0x00002394      0x414 ./Drivers/STM32H7xx_HAL_Driver/Src/stm32h7xx_hal_rcc_ex.o
 .debug_frame   0x000027a8      0x32c ./Drivers/STM32H7xx_HAL_Driver/Src/stm32h7xx_hal_rtc.o
 .debug_frame   0x00002ad4      0x7a8 ./Drivers/STM32H7xx_HAL_Driver/Src/stm32h7xx_hal_spi.o
 .debug_frame   0x0000327c     0x121c ./Drivers/STM32H7xx_HAL_Driver/Src/stm32h7xx_hal_tim.o
 .debug_frame   0x00004498      0x6d8 ./Drivers/STM32H7xx_HAL_Driver/Src/stm32h7xx_hal_tim_ex.o
 .debug_frame   0x00004b70      0x144 /home/jagon/st/stm32cubeide_1.17.0/plugins/com.st.stm32cube.ide.mcu.externaltools.gnu-tools-for-stm32.12.3.rel1.linux64_1.1.0.202410170702/tools/bin/../lib/gcc/arm-none-eabi/12.3.1/../../../../arm-none-eabi/lib/thumb/v7e-m+dp/hard/libc_nano.a(libc_a-findfp.o)
 .debug_frame   0x00004cb4       0x6c /home/jagon/st/stm32cubeide_1.17.0/plugins/com.st.stm32cube.ide.mcu.externaltools.gnu-tools-for-stm32.12.3.rel1.linux64_1.1.0.202410170702/tools/bin/../lib/gcc/arm-none-eabi/12.3.1/../../../../arm-none-eabi/lib/thumb/v7e-m+dp/hard/libc_nano.a(libc_a-sprintf.o)
 .debug_frame   0x00004d20       0x20 /home/jagon/st/stm32cubeide_1.17.0/plugins/com.st.stm32cube.ide.mcu.externaltools.gnu-tools-for-stm32.12.3.rel1.linux64_1.1.0.202410170702/tools/bin/../lib/gcc/arm-none-eabi/12.3.1/../../../../arm-none-eabi/lib/thumb/v7e-m+dp/hard/libc_nano.a(libc_a-memset.o)
 .debug_frame   0x00004d40       0x38 /home/jagon/st/stm32cubeide_1.17.0/plugins/com.st.stm32cube.ide.mcu.externaltools.gnu-tools-for-stm32.12.3.rel1.linux64_1.1.0.202410170702/tools/bin/../lib/gcc/arm-none-eabi/12.3.1/../../../../arm-none-eabi/lib/thumb/v7e-m+dp/hard/libc_nano.a(libc_a-reent.o)
 .debug_frame   0x00004d78       0x20 /home/jagon/st/stm32cubeide_1.17.0/plugins/com.st.stm32cube.ide.mcu.externaltools.gnu-tools-for-stm32.12.3.rel1.linux64_1.1.0.202410170702/tools/bin/../lib/gcc/arm-none-eabi/12.3.1/../../../../arm-none-eabi/lib/thumb/v7e-m+dp/hard/libc_nano.a(libc_a-errno.o)
 .debug_frame   0x00004d98       0x2c /home/jagon/st/stm32cubeide_1.17.0/plugins/com.st.stm32cube.ide.mcu.externaltools.gnu-tools-for-stm32.12.3.rel1.linux64_1.1.0.202410170702/tools/bin/../lib/gcc/arm-none-eabi/12.3.1/../../../../arm-none-eabi/lib/thumb/v7e-m+dp/hard/libc_nano.a(libc_a-init.o)
 .debug_frame   0x00004dc4       0xb0 /home/jagon/st/stm32cubeide_1.17.0/plugins/com.st.stm32cube.ide.mcu.externaltools.gnu-tools-for-stm32.12.3.rel1.linux64_1.1.0.202410170702/tools/bin/../lib/gcc/arm-none-eabi/12.3.1/../../../../arm-none-eabi/lib/thumb/v7e-m+dp/hard/libc_nano.a(libc_a-lock.o)
 .debug_frame   0x00004e74       0x38 /home/jagon/st/stm32cubeide_1.17.0/plugins/com.st.stm32cube.ide.mcu.externaltools.gnu-tools-for-stm32.12.3.rel1.linux64_1.1.0.202410170702/tools/bin/../lib/gcc/arm-none-eabi/12.3.1/../../../../arm-none-eabi/lib/thumb/v7e-m+dp/hard/libc_nano.a(libc_a-freer.o)
 .debug_frame   0x00004eac       0x50 /home/jagon/st/stm32cubeide_1.17.0/plugins/com.st.stm32cube.ide.mcu.externaltools.gnu-tools-for-stm32.12.3.rel1.linux64_1.1.0.202410170702/tools/bin/../lib/gcc/arm-none-eabi/12.3.1/../../../../arm-none-eabi/lib/thumb/v7e-m+dp/hard/libc_nano.a(libc_a-mallocr.o)
 .debug_frame   0x00004efc       0x30 /home/jagon/st/stm32cubeide_1.17.0/plugins/com.st.stm32cube.ide.mcu.externaltools.gnu-tools-for-stm32.12.3.rel1.linux64_1.1.0.202410170702/tools/bin/../lib/gcc/arm-none-eabi/12.3.1/../../../../arm-none-eabi/lib/thumb/v7e-m+dp/hard/libc_nano.a(libc_a-mlock.o)
 .debug_frame   0x00004f2c       0x90 /home/jagon/st/stm32cubeide_1.17.0/plugins/com.st.stm32cube.ide.mcu.externaltools.gnu-tools-for-stm32.12.3.rel1.linux64_1.1.0.202410170702/tools/bin/../lib/gcc/arm-none-eabi/12.3.1/../../../../arm-none-eabi/lib/thumb/v7e-m+dp/hard/libc_nano.a(libc_a-nano-svfprintf.o)
 .debug_frame   0x00004fbc       0x60 /home/jagon/st/stm32cubeide_1.17.0/plugins/com.st.stm32cube.ide.mcu.externaltools.gnu-tools-for-stm32.12.3.rel1.linux64_1.1.0.202410170702/tools/bin/../lib/gcc/arm-none-eabi/12.3.1/../../../../arm-none-eabi/lib/thumb/v7e-m+dp/hard/libc_nano.a(libc_a-nano-vfprintf_i.o)