../Core/Src/main.c:72:13:MPU_Config	24	static
../Core/Src/main.c:111:13:CPU_CACHE_Enable	24	static,ignoring_inline_asm
../Core/Src/main.c:120:13:LED_Blink	16	static
../Core/Src/main.c:133:13:RTC_CalendarShow	16	static
../Core/Src/main.c:149:5:main	72	static
../Core/Src/main.c:223:6:SystemClock_Config	120	static
../Core/Src/main.c:287:6:Error_Handler	8	static
../Core/Src/main.c:297:6:DrawFox	32	static
../Core/Src/main.c:310:6:DrawTree	32	static
../Core/Src/main.c:323:6:DrawScene	48	static
../Core/Src/main.c:350:6:UpdateBackground	4	static
../Core/Src/main.c:360:6:ForceUpdateBackground	8	static
../Core/Src/main.c:368:6:UpdateScene	32	static
../Core/Src/main.c:402:6:CheckInput	8	static
../Core/Src/main.c:410:6:InitScene	48	static
../Core/Src/main.c:423:6:UpdatePhysics	8	static
