../Core/Src/main.c:80:13:MPU_Config	24	static
../Core/Src/main.c:119:13:CPU_CACHE_Enable	24	static,ignoring_inline_asm
../Core/Src/main.c:128:13:LED_Blink	16	static
../Core/Src/main.c:141:13:RTC_CalendarShow	16	static
../Core/Src/main.c:157:5:main	8	static
../Core/Src/main.c:225:6:SystemClock_Config	120	static
../Core/Src/main.c:286:6:DrawFox	32	static
../Core/Src/main.c:309:6:DrawTree	32	static
../Core/Src/main.c:322:6:DrawScene	48	static
../Core/Src/main.c:349:6:UpdateBackground	4	static
../Core/Src/main.c:359:6:ForceUpdateBackground	8	static
../Core/Src/main.c:367:6:UpdateScene	32	static
../Core/Src/main.c:395:6:CheckInput	8	static
../Core/Src/main.c:403:6:InitScene	48	static
../Core/Src/main.c:416:6:UpdatePhysics	8	static
../Core/Src/main.c:440:6:DrawBush	32	static
../Core/Src/main.c:453:6:InitObstacles	16	static
../Core/Src/main.c:463:6:UpdateObstacles	16	static
../Core/Src/main.c:503:6:DrawObstacles	16	static
../Core/Src/main.c:520:6:Error_Handler	8	static
